Component: ARM Compiler 5.06 update 7 (build 960) Tool: armlink [4d3601]

==============================================================================

Section Cross References

    startup_stm32f407xx.o(RESET) refers to startup_stm32f407xx.o(STACK) for __initial_sp
    startup_stm32f407xx.o(RESET) refers to startup_stm32f407xx.o(.text) for Reset_Handler
    startup_stm32f407xx.o(RESET) refers to stm32f4xx_it.o(i.NMI_Handler) for NMI_Handler
    startup_stm32f407xx.o(RESET) refers to stm32f4xx_it.o(i.HardFault_Handler) for HardFault_Handler
    startup_stm32f407xx.o(RESET) refers to stm32f4xx_it.o(i.MemManage_Handler) for MemManage_Handler
    startup_stm32f407xx.o(RESET) refers to stm32f4xx_it.o(i.BusFault_Handler) for BusFault_Handler
    startup_stm32f407xx.o(RESET) refers to stm32f4xx_it.o(i.UsageFault_Handler) for UsageFault_Handler
    startup_stm32f407xx.o(RESET) refers to stm32f4xx_it.o(i.SVC_Handler) for SVC_Handler
    startup_stm32f407xx.o(RESET) refers to stm32f4xx_it.o(i.DebugMon_Handler) for DebugMon_Handler
    startup_stm32f407xx.o(RESET) refers to stm32f4xx_it.o(i.PendSV_Handler) for PendSV_Handler
    startup_stm32f407xx.o(RESET) refers to stm32f4xx_it.o(i.SysTick_Handler) for SysTick_Handler
    startup_stm32f407xx.o(RESET) refers to stm32f4xx_it.o(i.DMA1_Stream1_IRQHandler) for DMA1_Stream1_IRQHandler
    startup_stm32f407xx.o(RESET) refers to stm32f4xx_it.o(i.DMA1_Stream5_IRQHandler) for DMA1_Stream5_IRQHandler
    startup_stm32f407xx.o(RESET) refers to stm32f4xx_it.o(i.CAN1_RX0_IRQHandler) for CAN1_RX0_IRQHandler
    startup_stm32f407xx.o(RESET) refers to stm32f4xx_it.o(i.USART1_IRQHandler) for USART1_IRQHandler
    startup_stm32f407xx.o(RESET) refers to stm32f4xx_it.o(i.USART2_IRQHandler) for USART2_IRQHandler
    startup_stm32f407xx.o(RESET) refers to stm32f4xx_it.o(i.USART3_IRQHandler) for USART3_IRQHandler
    startup_stm32f407xx.o(RESET) refers to stm32f4xx_it.o(i.SPI3_IRQHandler) for SPI3_IRQHandler
    startup_stm32f407xx.o(RESET) refers to stm32f4xx_it.o(i.TIM6_DAC_IRQHandler) for TIM6_DAC_IRQHandler
    startup_stm32f407xx.o(RESET) refers to stm32f4xx_it.o(i.TIM7_IRQHandler) for TIM7_IRQHandler
    startup_stm32f407xx.o(RESET) refers to stm32f4xx_it.o(i.DMA2_Stream2_IRQHandler) for DMA2_Stream2_IRQHandler
    startup_stm32f407xx.o(RESET) refers to stm32f4xx_it.o(i.CAN2_RX1_IRQHandler) for CAN2_RX1_IRQHandler
    startup_stm32f407xx.o(.text) refers to system_stm32f4xx.o(i.SystemInit) for SystemInit
    startup_stm32f407xx.o(.text) refers to entry.o(.ARM.Collect$$$$00000000) for __main
    main.o(i.SystemClock_Config) refers to memseta.o(.text) for __aeabi_memclr4
    main.o(i.SystemClock_Config) refers to stm32f4xx_hal_rcc.o(i.HAL_RCC_OscConfig) for HAL_RCC_OscConfig
    main.o(i.SystemClock_Config) refers to main.o(i.Error_Handler) for Error_Handler
    main.o(i.SystemClock_Config) refers to stm32f4xx_hal_rcc.o(i.HAL_RCC_ClockConfig) for HAL_RCC_ClockConfig
    main.o(i.fgetc) refers to stm32f4xx_hal_uart.o(i.HAL_UART_Receive) for HAL_UART_Receive
    main.o(i.fgetc) refers to usart.o(.bss) for huart3
    main.o(i.fputc) refers to stm32f4xx_hal_uart.o(i.HAL_UART_Transmit) for HAL_UART_Transmit
    main.o(i.fputc) refers to usart.o(.bss) for huart3
    main.o(i.main) refers to stm32f4xx_hal.o(i.HAL_Init) for HAL_Init
    main.o(i.main) refers to main.o(i.SystemClock_Config) for SystemClock_Config
    main.o(i.main) refers to gpio.o(i.MX_GPIO_Init) for MX_GPIO_Init
    main.o(i.main) refers to dma.o(i.MX_DMA_Init) for MX_DMA_Init
    main.o(i.main) refers to tim.o(i.MX_TIM6_Init) for MX_TIM6_Init
    main.o(i.main) refers to can.o(i.MX_CAN1_Init) for MX_CAN1_Init
    main.o(i.main) refers to can.o(i.MX_CAN2_Init) for MX_CAN2_Init
    main.o(i.main) refers to usart.o(i.MX_USART1_UART_Init) for MX_USART1_UART_Init
    main.o(i.main) refers to usart.o(i.MX_USART2_UART_Init) for MX_USART2_UART_Init
    main.o(i.main) refers to usart.o(i.MX_USART3_UART_Init) for MX_USART3_UART_Init
    main.o(i.main) refers to spi.o(i.MX_SPI3_Init) for MX_SPI3_Init
    main.o(i.main) refers to tim.o(i.MX_TIM7_Init) for MX_TIM7_Init
    main.o(i.main) refers to spi.o(i.MX_SPI1_Init) for MX_SPI1_Init
    main.o(i.main) refers to stm32f4xx_hal_gpio.o(i.HAL_GPIO_WritePin) for HAL_GPIO_WritePin
    main.o(i.main) refers to chassis_task.o(i.All_Init) for All_Init
    main.o(i.main) refers to nrf24l01.o(i.NRF24L01_Init) for NRF24L01_Init
    main.o(i.main) refers to nrf24l01.o(i.NRF24L01_Check) for NRF24L01_Check
    main.o(i.main) refers to nrf24l01.o(i.RX_Mode_ack_data) for RX_Mode_ack_data
    main.o(i.main) refers to stm32f4xx_hal.o(i.HAL_Delay) for HAL_Delay
    main.o(i.main) refers to stm32f4xx_hal_tim.o(i.HAL_TIM_Base_Start_IT) for HAL_TIM_Base_Start_IT
    main.o(i.main) refers to tim.o(.bss) for htim6
    gpio.o(i.MX_GPIO_Init) refers to memseta.o(.text) for __aeabi_memclr4
    gpio.o(i.MX_GPIO_Init) refers to stm32f4xx_hal_gpio.o(i.HAL_GPIO_WritePin) for HAL_GPIO_WritePin
[...]
    send_string                              0x200000d0   Data           8  code_disc.o(.data)
    y                                        0x200000d8   Data           4  code_disc.o(.data)
    send_string                              0x200000dc   Data           8  code_disc.o(.data)
    z                                        0x200000e4   Data           4  code_disc.o(.data)
    send_string                              0x200000e8   Data           8  code_disc.o(.data)
    x                                        0x200000f0   Data           4  code_disc.o(.data)
    send_string                              0x200000f4   Data          16  code_disc.o(.data)
    x                                        0x20000104   Data           4  code_disc.o(.data)
    y                                        0x20000108   Data           4  code_disc.o(.data)
    z                                        0x2000010c   Data           4  code_disc.o(.data)
    .data                                    0x20000110   Section        7  ball_task.o(.data)
    gpio_safe_flag                           0x20000113   Data           1  ball_task.o(.data)
    reversal                                 0x20000114   Data           2  ball_task.o(.data)
    tick                                     0x20000116   Data           1  ball_task.o(.data)
    .data                                    0x20000118   Section       24  nrf24l01.o(.data)
    .data                                    0x20000130   Section       30  grapping.o(.data)
    next_state                               0x20000130   Data           1  grapping.o(.data)
    grap_check                               0x20000132   Data           2  grapping.o(.data)
    next_state                               0x20000134   Data           1  grapping.o(.data)
    grap_check                               0x20000136   Data           2  grapping.o(.data)
    temp_tick                                0x20000138   Data           2  grapping.o(.data)
    next_state                               0x2000013a   Data           1  grapping.o(.data)
    next_state                               0x2000013b   Data           1  grapping.o(.data)
    grap_check                               0x2000013c   Data           2  grapping.o(.data)
    grap_check                               0x2000013e   Data           2  grapping.o(.data)
    grap_check                               0x20000140   Data           2  grapping.o(.data)
    clear_pid_flag                           0x20000142   Data           1  grapping.o(.data)
    grap_check                               0x20000144   Data           2  grapping.o(.data)
    grap_arrive_check                        0x20000146   Data           1  grapping.o(.data)
    next_state                               0x20000147   Data           1  grapping.o(.data)
    grap_check                               0x20000148   Data           2  grapping.o(.data)
    next_state                               0x2000014a   Data           1  grapping.o(.data)
    grap_check                               0x2000014c   Data           2  grapping.o(.data)
    .data                                    0x20000150   Section      364  user_config.o(.data)
    .data                                    0x200002bc   Section       16  single_task.o(.data)
    seed_i                                   0x200002bc   Data           1  single_task.o(.data)
    line_flag                                0x200002bd   Data           1  single_task.o(.data)
    change_d_flag                            0x200002be   Data           1  single_task.o(.data)
    reset_ops9_y                             0x200002bf   Data           1  single_task.o(.data)
    reset_ops9_z                             0x200002c0   Data           1  single_task.o(.data)
    seed_tick                                0x200002c2   Data           2  single_task.o(.data)
    double_move_p                            0x200002c4   Data           1  single_task.o(.data)
    fast_launch_flag                         0x200002c5   Data           1  single_task.o(.data)
    useless_1                                0x200002c6   Data           1  single_task.o(.data)
    gpio_safe_flag                           0x200002c7   Data           1  single_task.o(.data)
    tarb                                     0x200002c8   Data           1  single_task.o(.data)
    reversal                                 0x200002ca   Data           2  single_task.o(.data)
    .data                                    0x200002cc   Section        4  errno.o(.data)
    _errno                                   0x200002cc   Data           4  errno.o(.data)
    .bss                                     0x200002d0   Section       80  can.o(.bss)
    .bss                                     0x20000320   Section      176  spi.o(.bss)
    .bss                                     0x200003d0   Section      144  tim.o(.bss)
    .bss                                     0x20000460   Section      492  usart.o(.bss)
    .bss                                     0x2000064c   Section      104  user_lib.o(.bss)
    .bss                                     0x200006b4   Section      124  chassis_task.o(.bss)
    .bss                                     0x20000730   Section     1428  pid.o(.bss)
    .bss                                     0x20000cc4   Section      768  uart_dma.o(.bss)
    .bss                                     0x20000fc4   Section      168  vofa.o(.bss)
    .bss                                     0x2000106c   Section      812  can_trx.o(.bss)
    .bss                                     0x20001398   Section       84  code_disc.o(.bss)
    .bss                                     0x200013ec   Section       20  ball_task.o(.bss)
    .bss                                     0x20001400   Section       28  grapping.o(.bss)
    STACK                                    0x20001420   Section     1024  startup_stm32f407xx.o(STACK)

    Global Symbols

    Symbol Name                              Value     Ov Type        Size  Object(Section)

    BuildAttributes$$THM_ISAv4$E$P$D$K$B$S$7EM$VFPi3$EXTD16$VFPS$VFMA$PE$A:L22UL41UL21$X:L11$S22US41US21$IEEE1$IW$USESV6$~STKCKD$USESV7$~SHL$OTIME$ROPI$IEEEX$EBA8$MICROLIB$REQ8$PRES8$EABIv2 0x00000000   Number         0  anon$$obj.o ABSOLUTE
    __ARM_use_no_argv                        0x00000000   Number         0  main.o ABSOLUTE
    __arm_fini_                               - Undefined Weak Reference
    __cpp_initialize__aeabi_                  - Undefined Weak Reference
    __cxa_finalize                            - Undefined Weak Reference
    _clock_init                               - Undefined Weak Reference
    _microlib_exit                            - Undefined Weak Reference
    __Vectors_Size                           0x00000188   Number         0  startup_stm32f407xx.o ABSOLUTE
    __Vectors                                0x08000000   Data           4  startup_stm32f407xx.o(RESET)
    __Vectors_End                            0x08000188   Data           0  startup_stm32f407xx.o(RESET)
    __main                                   0x08000189   Thumb Code     0  entry.o(.ARM.Collect$$$$00000000)
    _main_stk                                0x08000189   Thumb Code     0  entry2.o(.ARM.Collect$$$$00000001)
    _main_scatterload                        0x0800018d   Thumb Code     0  entry5.o(.ARM.Collect$$$$00000004)
    __main_after_scatterload                 0x08000191   Thumb Code     0  entry5.o(.ARM.Collect$$$$00000004)
    _main_clock                              0x08000191   Thumb Code     0  entry7b.o(.ARM.Collect$$$$00000008)
    _main_cpp_init                           0x08000191   Thumb Code     0  entry8b.o(.ARM.Collect$$$$0000000A)
    _main_init                               0x08000191   Thumb Code     0  entry9a.o(.ARM.Collect$$$$0000000B)
    __rt_lib_shutdown_fini                   0x08000199   Thumb Code     0  entry12b.o(.ARM.Collect$$$$0000000E)
    __rt_final_cpp                           0x0800019d   Thumb Code     0  entry10a.o(.ARM.Collect$$$$0000000F)
    __rt_final_exit                          0x0800019d   Thumb Code     0  entry11a.o(.ARM.Collect$$$$00000011)
    Reset_Handler                            0x080001a1   Thumb Code     8  startup_stm32f407xx.o(.text)
    ADC_IRQHandler                           0x080001bb   Thumb Code     0  startup_stm32f407xx.o(.text)
    CAN1_RX1_IRQHandler                      0x080001bb   Thumb Code     0  startup_stm32f407xx.o(.text)
    CAN1_SCE_IRQHandler                      0x080001bb   Thumb Code     0  startup_stm32f407xx.o(.text)
    CAN1_TX_IRQHandler                       0x080001bb   Thumb Code     0  startup_stm32f407xx.o(.text)
    CAN2_RX0_IRQHandler                      0x080001bb   Thumb Code     0  startup_stm32f407xx.o(.text)
    CAN2_SCE_IRQHandler                      0x080001bb   Thumb Code     0  startup_stm32f407xx.o(.text)
    CAN2_TX_IRQHandler                       0x080001bb   Thumb Code     0  startup_stm32f407xx.o(.text)
    DCMI_IRQHandler                          0x080001bb   Thumb Code     0  startup_stm32f407xx.o(.text)
    DMA1_Stream0_IRQHandler                  0x080001bb   Thumb Code     0  startup_stm32f407xx.o(.text)
    DMA1_Stream2_IRQHandler                  0x080001bb   Thumb Code     0  startup_stm32f407xx.o(.text)
    DMA1_Stream3_IRQHandler                  0x080001bb   Thumb Code     0  startup_stm32f407xx.o(.text)
    DMA1_Stream4_IRQHandler                  0x080001bb   Thumb Code     0  startup_stm32f407xx.o(.text)
    DMA1_Stream6_IRQHandler                  0x080001bb   Thumb Code     0  startup_stm32f407xx.o(.text)
    DMA1_Stream7_IRQHandler                  0x080001bb   Thumb Code     0  startup_stm32f407xx.o(.text)
    DMA2_Stream0_IRQHandler                  0x080001bb   Thumb Code     0  startup_stm32f407xx.o(.text)
    DMA2_Stream1_IRQHandler                  0x080001bb   Thumb Code     0  startup_stm32f407xx.o(.text)
    DMA2_Stream3_IRQHandler                  0x080001bb   Thumb Code     0  startup_stm32f407xx.o(.text)
    DMA2_Stream4_IRQHandler                  0x080001bb   Thumb Code     0  startup_stm32f407xx.o(.text)
    DMA2_Stream5_IRQHandler                  0x080001bb   Thumb Code     0  startup_stm32f407xx.o(.text)
    DMA2_Stream6_IRQHandler                  0x080001bb   Thumb Code     0  startup_stm32f407xx.o(.text)
    DMA2_Stream7_IRQHandler                  0x080001bb   Thumb Code     0  startup_stm32f407xx.o(.text)
    ETH_IRQHandler                           0x080001bb   Thumb Code     0  startup_stm32f407xx.o(.text)
    ETH_WKUP_IRQHandler                      0x080001bb   Thumb Code     0  startup_stm32f407xx.o(.text)
    EXTI0_IRQHandler                         0x080001bb   Thumb Code     0  startup_stm32f407xx.o(.text)
    EXTI15_10_IRQHandler                     0x080001bb   Thumb Code     0  startup_stm32f407xx.o(.text)
    EXTI1_IRQHandler                         0x080001bb   Thumb Code     0  startup_stm32f407xx.o(.text)
    EXTI2_IRQHandler                         0x080001bb   Thumb Code     0  startup_stm32f407xx.o(.text)
    EXTI3_IRQHandler                         0x080001bb   Thumb Code     0  startup_stm32f407xx.o(.text)
    EXTI4_IRQHandler                         0x080001bb   Thumb Code     0  startup_stm32f407xx.o(.text)
    EXTI9_5_IRQHandler                       0x080001bb   Thumb Code     0  startup_stm32f407xx.o(.text)
    FLASH_IRQHandler                         0x080001bb   Thumb Code     0  startup_stm32f407xx.o(.text)
    FMC_IRQHandler                           0x080001bb   Thumb Code     0  startup_stm32f407xx.o(.text)
    FPU_IRQHandler                           0x080001bb   Thumb Code     0  startup_stm32f407xx.o(.text)
    HASH_RNG_IRQHandler                      0x080001bb   Thumb Code     0  startup_stm32f407xx.o(.text)
    I2C1_ER_IRQHandler                       0x080001bb   Thumb Code     0  startup_stm32f407xx.o(.text)
    I2C1_EV_IRQHandler                       0x080001bb   Thumb Code     0  startup_stm32f407xx.o(.text)
    I2C2_ER_IRQHandler                       0x080001bb   Thumb Code     0  startup_stm32f407xx.o(.text)
    I2C2_EV_IRQHandler                       0x080001bb   Thumb Code     0  startup_stm32f407xx.o(.text)
    I2C3_ER_IRQHandler                       0x080001bb   Thumb Code     0  startup_stm32f407xx.o(.text)
    I2C3_EV_IRQHandler                       0x080001bb   Thumb Code     0  startup_stm32f407xx.o(.text)
    OTG_FS_IRQHandler                        0x080001bb   Thumb Code     0  startup_stm32f407xx.o(.text)
    OTG_FS_WKUP_IRQHandler                   0x080001bb   Thumb Code     0  startup_stm32f407xx.o(.text)
    OTG_HS_EP1_IN_IRQHandler                 0x080001bb   Thumb Code     0  startup_stm32f407xx.o(.text)
    OTG_HS_EP1_OUT_IRQHandler                0x080001bb   Thumb Code     0  startup_stm32f407xx.o(.text)
    OTG_HS_IRQHandler                        0x080001bb   Thumb Code     0  startup_stm32f407xx.o(.text)
    OTG_HS_WKUP_IRQHandler                   0x080001bb   Thumb Code     0  startup_stm32f407xx.o(.text)
    PVD_IRQHandler                           0x080001bb   Thumb Code     0  startup_stm32f407xx.o(.text)
    RCC_IRQHandler                           0x080001bb   Thumb Code     0  startup_stm32f407xx.o(.text)
    RTC_Alarm_IRQHandler                     0x080001bb   Thumb Code     0  startup_stm32f407xx.o(.text)
    RTC_WKUP_IRQHandler                      0x080001bb   Thumb Code     0  startup_stm32f407xx.o(.text)
    SDIO_IRQHandler                          0x080001bb   Thumb Code     0  startup_stm32f407xx.o(.text)
    SPI1_IRQHandler                          0x080001bb   Thumb Code     0  startup_stm32f407xx.o(.text)
    SPI2_IRQHandler                          0x080001bb   Thumb Code     0  startup_stm32f407xx.o(.text)
    TAMP_STAMP_IRQHandler                    0x080001bb   Thumb Code     0  startup_stm32f407xx.o(.text)
    TIM1_BRK_TIM9_IRQHandler                 0x080001bb   Thumb Code     0  startup_stm32f407xx.o(.text)
    TIM1_CC_IRQHandler                       0x080001bb   Thumb Code     0  startup_stm32f407xx.o(.text)
    TIM1_TRG_COM_TIM11_IRQHandler            0x080001bb   Thumb Code     0  startup_stm32f407xx.o(.text)
    TIM1_UP_TIM10_IRQHandler                 0x080001bb   Thumb Code     0  startup_stm32f407xx.o(.text)
    TIM2_IRQHandler                          0x080001bb   Thumb Code     0  startup_stm32f407xx.o(.text)
    TIM3_IRQHandler                          0x080001bb   Thumb Code     0  startup_stm32f407xx.o(.text)
    TIM4_IRQHandler                          0x080001bb   Thumb Code     0  startup_stm32f407xx.o(.text)
    TIM5_IRQHandler                          0x080001bb   Thumb Code     0  startup_stm32f407xx.o(.text)
    TIM8_BRK_TIM12_IRQHandler                0x080001bb   Thumb Code     0  startup_stm32f407xx.o(.text)
    TIM8_CC_IRQHandler                       0x080001bb   Thumb Code     0  startup_stm32f407xx.o(.text)
    TIM8_TRG_COM_TIM14_IRQHandler            0x080001bb   Thumb Code     0  startup_stm32f407xx.o(.text)
    TIM8_UP_TIM13_IRQHandler                 0x080001bb   Thumb Code     0  startup_stm32f407xx.o(.text)
    UART4_IRQHandler                         0x080001bb   Thumb Code     0  startup_stm32f407xx.o(.text)
    UART5_IRQHandler                         0x080001bb   Thumb Code     0  startup_stm32f407xx.o(.text)
    USART6_IRQHandler                        0x080001bb   Thumb Code     0  startup_stm32f407xx.o(.text)
    WWDG_IRQHandler                          0x080001bb   Thumb Code     0  startup_stm32f407xx.o(.text)
    __aeabi_uldivmod                         0x080001c5   Thumb Code    98  uldiv.o(.text)
    __aeabi_memcpy                           0x08000227   Thumb Code    36  memcpya.o(.text)
    __aeabi_memcpy4                          0x08000227   Thumb Code     0  memcpya.o(.text)
    __aeabi_memcpy8                          0x08000227   Thumb Code     0  memcpya.o(.text)
    __aeabi_memset                           0x0800024b   Thumb Code    14  memseta.o(.text)
    __aeabi_memset4                          0x0800024b   Thumb Code     0  memseta.o(.text)
    __aeabi_memset8                          0x0800024b   Thumb Code     0  memseta.o(.text)
    __aeabi_memclr                           0x08000259   Thumb Code     4  memseta.o(.text)
    __aeabi_memclr4                          0x08000259   Thumb Code     0  memseta.o(.text)
    __aeabi_memclr8                          0x08000259   Thumb Code     0  memseta.o(.text)
    _memset$wrapper                          0x0800025d   Thumb Code    18  memseta.o(.text)
    __aeabi_dadd                             0x0800026f   Thumb Code   322  dadd.o(.text)
    __aeabi_dsub                             0x080003b1   Thumb Code     6  dadd.o(.text)
    __aeabi_drsub                            0x080003b7   Thumb Code     6  dadd.o(.text)
    __aeabi_dmul                             0x080003bd   Thumb Code   228  dmul.o(.text)
    __aeabi_i2d                              0x080004a1   Thumb Code    34  dflti.o(.text)
    __aeabi_ui2d                             0x080004c3   Thumb Code    26  dfltui.o(.text)
    __aeabi_f2d                              0x080004dd   Thumb Code    38  f2d.o(.text)
    __aeabi_cdcmpeq                          0x08000505   Thumb Code     0  cdcmple.o(.text)
    __aeabi_cdcmple                          0x08000505   Thumb Code    48  cdcmple.o(.text)
    __aeabi_d2f                              0x08000535   Thumb Code    56  d2f.o(.text)
    __aeabi_llsl                             0x0800056d   Thumb Code    30  llshl.o(.text)
    _ll_shift_l                              0x0800056d   Thumb Code     0  llshl.o(.text)
    __aeabi_llsr                             0x0800058b   Thumb Code    32  llushr.o(.text)
    _ll_ushift_r                             0x0800058b   Thumb Code     0  llushr.o(.text)
    __aeabi_lasr                             0x080005ab   Thumb Code    36  llsshr.o(.text)
    _ll_sshift_r                             0x080005ab   Thumb Code     0  llsshr.o(.text)
    __I$use$fp                               0x080005cf   Thumb Code     0  iusefp.o(.text)
    _float_round                             0x080005cf   Thumb Code    18  fepilogue.o(.text)
    _float_epilogue                          0x080005e1   Thumb Code    92  fepilogue.o(.text)
    _double_round                            0x0800063d   Thumb Code    30  depilogue.o(.text)
    _double_epilogue                         0x0800065b   Thumb Code   156  depilogue.o(.text)
    __scatterload                            0x080006f9   Thumb Code    28  init.o(.text)
    __scatterload_rt2                        0x080006f9   Thumb Code     0  init.o(.text)
    __aeabi_ddiv                             0x0800071d   Thumb Code   222  ddiv.o(.text)
    __aeabi_d2iz                             0x080007fb   Thumb Code    62  dfixi.o(.text)
    __decompress                             0x08000839   Thumb Code     0  __dczerorl2.o(.text)
    __decompress1                            0x08000839   Thumb Code    86  __dczerorl2.o(.text)
    All_Init                                 0x08000891   Thumb Code   128  chassis_task.o(i.All_Init)
    Ball_Init                                0x08000939   Thumb Code    30  ball_task.o(i.Ball_Init)
    Ball_Task_Single                         0x08000961   Thumb Code  1372  single_task.o(i.Ball_Task_Single)
    Ball_Task_Ultra                          0x08000ee1   Thumb Code  2712  ball_task.o(i.Ball_Task_Ultra)
    BusFault_Handler                         0x08001995   Thumb Code     4  stm32f4xx_it.o(i.BusFault_Handler)
    CAN1_RX0_IRQHandler                      0x08001999   Thumb Code    10  stm32f4xx_it.o(i.CAN1_RX0_IRQHandler)
    CAN2_RX1_IRQHandler                      0x080019a9   Thumb Code    10  stm32f4xx_it.o(i.CAN2_RX1_IRQHandler)
    CAN_Cmd_Chassis                          0x080019b9   Thumb Code    92  can_trx.o(i.CAN_Cmd_Chassis)
    CAN_Cmd_Chassis_CAN2                     0x08001a19   Thumb Code    92  can_trx.o(i.CAN_Cmd_Chassis_CAN2)
    CAN_Cmd_Gimbal                           0x08001a79   Thumb Code    92  can_trx.o(i.CAN_Cmd_Gimbal)
    CAN_Cmd_Gimbal_CAN2                      0x08001ad9   Thumb Code    92  can_trx.o(i.CAN_Cmd_Gimbal_CAN2)
    CAN_Config                               0x08001b39   Thumb Code   116  can_trx.o(i.CAN_Config)
    CD_SETX                                  0x08001bb5   Thumb Code    56  code_disc.o(i.CD_SETX)
    CD_SETY                                  0x08001bf5   Thumb Code    56  code_disc.o(i.CD_SETY)
    CD_SETZ                                  0x08001c35   Thumb Code    56  code_disc.o(i.CD_SETZ)
    CD_get_measer                            0x08001c75   Thumb Code   202  code_disc.o(i.CD_get_measer)
    Cal_Chassis_N                            0x08001d59   Thumb Code   112  chassis_task.o(i.Cal_Chassis_N)
    Calc_Send_Task                           0x08001dcd   Thumb Code  1292  chassis_task.o(i.Calc_Send_Task)
    Chassis_Callback                         0x080022ed   Thumb Code    14  chassis_task.o(i.Chassis_Callback)
    Chassis_POS_Calc                         0x08002301   Thumb Code  1636  chassis_task.o(i.Chassis_POS_Calc)
    DMA1_Stream1_IRQHandler                  0x08002985   Thumb Code    10  stm32f4xx_it.o(i.DMA1_Stream1_IRQHandler)
    DMA1_Stream5_IRQHandler                  0x08002995   Thumb Code    10  stm32f4xx_it.o(i.DMA1_Stream5_IRQHandler)
    DMA2_Stream2_IRQHandler                  0x080029a5   Thumb Code    10  stm32f4xx_it.o(i.DMA2_Stream2_IRQHandler)
    DebugMon_Handler                         0x08002abf   Thumb Code     2  stm32f4xx_it.o(i.DebugMon_Handler)
    Error_Handler                            0x08002ac1   Thumb Code     6  main.o(i.Error_Handler)
    Feedback_Update                          0x08002ac9   Thumb Code    72  chassis_task.o(i.Feedback_Update)
    Filter_Init_All                          0x08002b21   Thumb Code    46  chassis_task.o(i.Filter_Init_All)
    GP_Task_Single                           0x08002b69   Thumb Code  1558  single_task.o(i.GP_Task_Single)
    GP_Task_Ultra                            0x080031b1   Thumb Code  1674  seed_task.o(i.GP_Task_Ultra)
    Get_Motor_Measure                        0x08003879   Thumb Code    80  can_trx.o(i.Get_Motor_Measure)
    Get_Motor_Offset                         0x080038cd   Thumb Code    46  can_trx.o(i.Get_Motor_Offset)
    Grap_Cal_2_Speed                         0x080038fd   Thumb Code   274  grapping.o(i.Grap_Cal_2_Speed)
    Grap_Init                                0x08003a31   Thumb Code   144  grapping.o(i.Grap_Init)
    Grap_Init_Single                         0x08003ad1   Thumb Code   168  grapping.o(i.Grap_Init_Single)
    Grap_Lift_Get                            0x08003b95   Thumb Code   228  grapping.o(i.Grap_Lift_Get)
    Grap_Lift_Put                            0x08003c95   Thumb Code    52  grapping.o(i.Grap_Lift_Put)
    Grap_Only                                0x08003cd1   Thumb Code    52  grapping.o(i.Grap_Only)
    Grap_Storage                             0x08003d0d   Thumb Code   506  grapping.o(i.Grap_Storage)
    Grap_Storage_Last                        0x08003f25   Thumb Code   348  grapping.o(i.Grap_Storage_Last)
    Grap_Storage_Pre                         0x0800409d   Thumb Code   202  grapping.o(i.Grap_Storage_Pre)
    Grapping_Callback                        0x08004179   Thumb Code   156  grapping.o(i.Grapping_Callback)
    HAL_CAN_ActivateNotification             0x0800421d   Thumb Code    42  stm32f4xx_hal_can.o(i.HAL_CAN_ActivateNotification)
    HAL_CAN_AddTxMessage                     0x08004247   Thumb Code   342  stm32f4xx_hal_can.o(i.HAL_CAN_AddTxMessage)
    HAL_CAN_ConfigFilter                     0x0800439d   Thumb Code   286  stm32f4xx_hal_can.o(i.HAL_CAN_ConfigFilter)
    HAL_CAN_ErrorCallback                    0x080044c1   Thumb Code     2  stm32f4xx_hal_can.o(i.HAL_CAN_ErrorCallback)
    HAL_CAN_GetRxMessage                     0x080044c3   Thumb Code   378  stm32f4xx_hal_can.o(i.HAL_CAN_GetRxMessage)
    HAL_CAN_IRQHandler                       0x0800463d   Thumb Code   590  stm32f4xx_hal_can.o(i.HAL_CAN_IRQHandler)
    HAL_CAN_Init                             0x0800488b   Thumb Code   372  stm32f4xx_hal_can.o(i.HAL_CAN_Init)
    HAL_CAN_MspInit                          0x08004a01   Thumb Code   332  can.o(i.HAL_CAN_MspInit)
    HAL_CAN_RxFifo0FullCallback              0x08004b65   Thumb Code     2  stm32f4xx_hal_can.o(i.HAL_CAN_RxFifo0FullCallback)
    HAL_CAN_RxFifo0MsgPendingCallback        0x08004b69   Thumb Code   264  can_trx.o(i.HAL_CAN_RxFifo0MsgPendingCallback)
    HAL_CAN_RxFifo1FullCallback              0x08004c81   Thumb Code     2  stm32f4xx_hal_can.o(i.HAL_CAN_RxFifo1FullCallback)
    HAL_CAN_RxFifo1MsgPendingCallback        0x08004c85   Thumb Code   218  can_trx.o(i.HAL_CAN_RxFifo1MsgPendingCallback)
    HAL_CAN_SleepCallback                    0x08004d6d   Thumb Code     2  stm32f4xx_hal_can.o(i.HAL_CAN_SleepCallback)
    HAL_CAN_Start                            0x08004d6f   Thumb Code    94  stm32f4xx_hal_can.o(i.HAL_CAN_Start)
    HAL_CAN_TxMailbox0AbortCallback          0x08004dcd   Thumb Code     2  stm32f4xx_hal_can.o(i.HAL_CAN_TxMailbox0AbortCallback)
    HAL_CAN_TxMailbox0CompleteCallback       0x08004dcf   Thumb Code     2  stm32f4xx_hal_can.o(i.HAL_CAN_TxMailbox0CompleteCallback)
    HAL_CAN_TxMailbox1AbortCallback          0x08004dd1   Thumb Code     2  stm32f4xx_hal_can.o(i.HAL_CAN_TxMailbox1AbortCallback)
    HAL_CAN_TxMailbox1CompleteCallback       0x08004dd3   Thumb Code     2  stm32f4xx_hal_can.o(i.HAL_CAN_TxMailbox1CompleteCallback)
    HAL_CAN_TxMailbox2AbortCallback          0x08004dd5   Thumb Code     2  stm32f4xx_hal_can.o(i.HAL_CAN_TxMailbox2AbortCallback)
    HAL_CAN_TxMailbox2CompleteCallback       0x08004dd7   Thumb Code     2  stm32f4xx_hal_can.o(i.HAL_CAN_TxMailbox2CompleteCallback)
    HAL_CAN_WakeUpFromRxMsgCallback          0x08004dd9   Thumb Code     2  stm32f4xx_hal_can.o(i.HAL_CAN_WakeUpFromRxMsgCallback)
    HAL_DMA_Abort                            0x08004ddb   Thumb Code   172  stm32f4xx_hal_dma.o(i.HAL_DMA_Abort)
    HAL_DMA_Abort_IT                         0x08004e87   Thumb Code    40  stm32f4xx_hal_dma.o(i.HAL_DMA_Abort_IT)
    HAL_DMA_IRQHandler                       0x08004eb1   Thumb Code   570  stm32f4xx_hal_dma.o(i.HAL_DMA_IRQHandler)
    HAL_DMA_Init                             0x080050f1   Thumb Code   232  stm32f4xx_hal_dma.o(i.HAL_DMA_Init)
    HAL_DMA_Start_IT                         0x080051dd   Thumb Code   146  stm32f4xx_hal_dma.o(i.HAL_DMA_Start_IT)
    HAL_Delay                                0x08005271   Thumb Code    36  stm32f4xx_hal.o(i.HAL_Delay)
    HAL_GPIO_Init                            0x08005299   Thumb Code   454  stm32f4xx_hal_gpio.o(i.HAL_GPIO_Init)
    HAL_GPIO_WritePin                        0x0800548d   Thumb Code    12  stm32f4xx_hal_gpio.o(i.HAL_GPIO_WritePin)
    HAL_GetTick                              0x08005499   Thumb Code     6  stm32f4xx_hal.o(i.HAL_GetTick)
    HAL_IncTick                              0x080054a5   Thumb Code    16  stm32f4xx_hal.o(i.HAL_IncTick)
    HAL_Init                                 0x080054bd   Thumb Code    54  stm32f4xx_hal.o(i.HAL_Init)
    HAL_InitTick                             0x080054f9   Thumb Code    64  stm32f4xx_hal.o(i.HAL_InitTick)
    HAL_MspInit                              0x08005545   Thumb Code    68  stm32f4xx_hal_msp.o(i.HAL_MspInit)
    HAL_NVIC_EnableIRQ                       0x0800558d   Thumb Code    32  stm32f4xx_hal_cortex.o(i.HAL_NVIC_EnableIRQ)
    HAL_NVIC_SetPriority                     0x080055ad   Thumb Code   124  stm32f4xx_hal_cortex.o(i.HAL_NVIC_SetPriority)
    HAL_NVIC_SetPriorityGrouping             0x08005629   Thumb Code    32  stm32f4xx_hal_cortex.o(i.HAL_NVIC_SetPriorityGrouping)
    HAL_RCC_ClockConfig                      0x08005651   Thumb Code   368  stm32f4xx_hal_rcc.o(i.HAL_RCC_ClockConfig)
    HAL_RCC_GetHCLKFreq                      0x080057d5   Thumb Code     6  stm32f4xx_hal_rcc.o(i.HAL_RCC_GetHCLKFreq)
    HAL_RCC_GetPCLK1Freq                     0x080057e1   Thumb Code    22  stm32f4xx_hal_rcc.o(i.HAL_RCC_GetPCLK1Freq)
    HAL_RCC_GetPCLK2Freq                     0x08005801   Thumb Code    22  stm32f4xx_hal_rcc.o(i.HAL_RCC_GetPCLK2Freq)
    HAL_RCC_GetSysClockFreq                  0x08005821   Thumb Code   162  stm32f4xx_hal_rcc.o(i.HAL_RCC_GetSysClockFreq)
    HAL_RCC_OscConfig                        0x080058d1   Thumb Code  1172  stm32f4xx_hal_rcc.o(i.HAL_RCC_OscConfig)
    HAL_SPI_ErrorCallback                    0x08005d6d   Thumb Code     2  stm32f4xx_hal_spi.o(i.HAL_SPI_ErrorCallback)
    HAL_SPI_IRQHandler                       0x08005d71   Thumb Code   342  stm32f4xx_hal_spi.o(i.HAL_SPI_IRQHandler)
    HAL_SPI_Init                             0x08005ecd   Thumb Code   200  stm32f4xx_hal_spi.o(i.HAL_SPI_Init)
    HAL_SPI_MspInit                          0x08005f95   Thumb Code   308  spi.o(i.HAL_SPI_MspInit)
    HAL_SPI_Receive                          0x080060e1   Thumb Code   368  stm32f4xx_hal_spi.o(i.HAL_SPI_Receive)
    HAL_SPI_Transmit                         0x08006251   Thumb Code   430  stm32f4xx_hal_spi.o(i.HAL_SPI_Transmit)
    HAL_SPI_TransmitReceive                  0x080063ff   Thumb Code   554  stm32f4xx_hal_spi.o(i.HAL_SPI_TransmitReceive)
    HAL_SYSTICK_Config                       0x08006629   Thumb Code    52  stm32f4xx_hal_cortex.o(i.HAL_SYSTICK_Config)
    HAL_TIMEx_BreakCallback                  0x0800665d   Thumb Code     2  stm32f4xx_hal_tim_ex.o(i.HAL_TIMEx_BreakCallback)
    HAL_TIMEx_CommutCallback                 0x0800665f   Thumb Code     2  stm32f4xx_hal_tim_ex.o(i.HAL_TIMEx_CommutCallback)
    HAL_TIMEx_MasterConfigSynchronization    0x08006661   Thumb Code   150  stm32f4xx_hal_tim_ex.o(i.HAL_TIMEx_MasterConfigSynchronization)
    HAL_TIM_Base_Init                        0x08006715   Thumb Code   102  stm32f4xx_hal_tim.o(i.HAL_TIM_Base_Init)
    HAL_TIM_Base_MspInit                     0x0800677d   Thumb Code   120  tim.o(i.HAL_TIM_Base_MspInit)
    HAL_TIM_Base_Start_IT                    0x08006801   Thumb Code   138  stm32f4xx_hal_tim.o(i.HAL_TIM_Base_Start_IT)
    HAL_TIM_IC_CaptureCallback               0x080068a9   Thumb Code     2  stm32f4xx_hal_tim.o(i.HAL_TIM_IC_CaptureCallback)
    HAL_TIM_IRQHandler                       0x080068ab   Thumb Code   406  stm32f4xx_hal_tim.o(i.HAL_TIM_IRQHandler)
    HAL_TIM_OC_DelayElapsedCallback          0x08006a41   Thumb Code     2  stm32f4xx_hal_tim.o(i.HAL_TIM_OC_DelayElapsedCallback)
    HAL_TIM_PWM_PulseFinishedCallback        0x08006a43   Thumb Code     2  stm32f4xx_hal_tim.o(i.HAL_TIM_PWM_PulseFinishedCallback)
    HAL_TIM_PeriodElapsedCallback            0x08006a45   Thumb Code   984  stm32f4xx_it.o(i.HAL_TIM_PeriodElapsedCallback)
    HAL_TIM_TriggerCallback                  0x08006e75   Thumb Code     2  stm32f4xx_hal_tim.o(i.HAL_TIM_TriggerCallback)
    HAL_UARTEx_RxEventCallback               0x08006e77   Thumb Code     2  stm32f4xx_hal_uart.o(i.HAL_UARTEx_RxEventCallback)
    HAL_UART_DMAStop                         0x08006e79   Thumb Code   138  stm32f4xx_hal_uart.o(i.HAL_UART_DMAStop)
    HAL_UART_ErrorCallback                   0x08006f03   Thumb Code    50  uart_dma.o(i.HAL_UART_ErrorCallback)
    HAL_UART_IRQHandler                      0x08006f35   Thumb Code   732  stm32f4xx_hal_uart.o(i.HAL_UART_IRQHandler)
    HAL_UART_Init                            0x08007215   Thumb Code   114  stm32f4xx_hal_uart.o(i.HAL_UART_Init)
    HAL_UART_MspInit                         0x08007289   Thumb Code   570  usart.o(i.HAL_UART_MspInit)
    HAL_UART_Receive_DMA                     0x080074f1   Thumb Code    66  stm32f4xx_hal_uart.o(i.HAL_UART_Receive_DMA)
    HAL_UART_RxCpltCallback                  0x08007533   Thumb Code     2  stm32f4xx_hal_uart.o(i.HAL_UART_RxCpltCallback)
    HAL_UART_RxHalfCpltCallback              0x08007535   Thumb Code     2  stm32f4xx_hal_uart.o(i.HAL_UART_RxHalfCpltCallback)
    HAL_UART_Transmit                        0x08007537   Thumb Code   210  stm32f4xx_hal_uart.o(i.HAL_UART_Transmit)
    HAL_UART_TxCpltCallback                  0x08007609   Thumb Code     2  stm32f4xx_hal_uart.o(i.HAL_UART_TxCpltCallback)
    HardFault_Handler                        0x0800760b   Thumb Code     4  stm32f4xx_it.o(i.HardFault_Handler)
    Input_TarPos_Chassis                     0x08007611   Thumb Code    24  chassis_task.o(i.Input_TarPos_Chassis)
    Input_TarSpeed_Chassis                   0x0800762d   Thumb Code    24  chassis_task.o(i.Input_TarSpeed_Chassis)
    LimitMax                                 0x08007649   Thumb Code   126  pid.o(i.LimitMax)
    MX_CAN1_Init                             0x080076c9   Thumb Code    62  can.o(i.MX_CAN1_Init)
    MX_CAN2_Init                             0x08007711   Thumb Code    58  can.o(i.MX_CAN2_Init)
    MX_DMA_Init                              0x08007755   Thumb Code   114  dma.o(i.MX_DMA_Init)
    MX_GPIO_Init                             0x080077cd   Thumb Code   378  gpio.o(i.MX_GPIO_Init)
    MX_SPI1_Init                             0x08007961   Thumb Code    60  spi.o(i.MX_SPI1_Init)
    MX_SPI3_Init                             0x080079a5   Thumb Code    60  spi.o(i.MX_SPI3_Init)
    MX_TIM6_Init                             0x080079e9   Thumb Code    66  tim.o(i.MX_TIM6_Init)
    MX_TIM7_Init                             0x08007a35   Thumb Code    66  tim.o(i.MX_TIM7_Init)
    MX_USART1_UART_Init                      0x08007a81   Thumb Code    46  usart.o(i.MX_USART1_UART_Init)
    MX_USART2_UART_Init                      0x08007ab9   Thumb Code    46  usart.o(i.MX_USART2_UART_Init)
    MX_USART3_UART_Init                      0x08007af1   Thumb Code    46  usart.o(i.MX_USART3_UART_Init)
    MemManage_Handler                        0x08007b29   Thumb Code     4  stm32f4xx_it.o(i.MemManage_Handler)
    NMI_Handler                              0x08007b2d   Thumb Code     4  stm32f4xx_it.o(i.NMI_Handler)
    NRF24L01_Check                           0x08007b31   Thumb Code    68  nrf24l01.o(i.NRF24L01_Check)
    NRF24L01_Init                            0x08007b7d   Thumb Code    30  nrf24l01.o(i.NRF24L01_Init)
    NRF24L01_Read_Buf                        0x08007ba5   Thumb Code    56  nrf24l01.o(i.NRF24L01_Read_Buf)
    NRF24L01_Read_Reg                        0x08007be5   Thumb Code    42  nrf24l01.o(i.NRF24L01_Read_Reg)
    NRF24L01_RxPacket_ack_data               0x08007c15   Thumb Code    80  nrf24l01.o(i.NRF24L01_RxPacket_ack_data)
    NRF24L01_Write_Buf                       0x08007c6d   Thumb Code    56  nrf24l01.o(i.NRF24L01_Write_Buf)
    NRF24L01_Write_Reg                       0x08007cad   Thumb Code    44  nrf24l01.o(i.NRF24L01_Write_Reg)
    Out_Storage                              0x08007cdd   Thumb Code   506  grapping.o(i.Out_Storage)
    Out_Storage_Last                         0x08007efd   Thumb Code    84  grapping.o(i.Out_Storage_Last)
    Out_Storage_Pre                          0x08007f65   Thumb Code   330  grapping.o(i.Out_Storage_Pre)
    PID_Cal_DJI_CAN2_Speed                   0x080080e5   Thumb Code   140  pid.o(i.PID_Cal_DJI_CAN2_Speed)
    PID_Cal_DJI_Speed                        0x08008185   Thumb Code   100  pid.o(i.PID_Cal_DJI_Speed)
    PID_Calc                                 0x080081f5   Thumb Code   302  pid.o(i.PID_Calc)
    PID_Init                                 0x08008325   Thumb Code    84  pid.o(i.PID_Init)
    PID_Init_All                             0x0800837d   Thumb Code   348  pid.o(i.PID_Init_All)
    PID_clear                                0x08008525   Thumb Code    64  pid.o(i.PID_clear)
    PendSV_Handler                           0x08008569   Thumb Code     2  stm32f4xx_it.o(i.PendSV_Handler)
    RX_Mode_ack_data                         0x0800856d   Thumb Code   130  nrf24l01.o(i.RX_Mode_ack_data)
    Remake_Task                              0x080085f9   Thumb Code   302  chassis_task.o(i.Remake_Task)
    SPI3_IRQHandler                          0x0800875d   Thumb Code    10  stm32f4xx_it.o(i.SPI3_IRQHandler)
    SVC_Handler                              0x08008959   Thumb Code     2  stm32f4xx_it.o(i.SVC_Handler)
    Seed_Init                                0x0800895d   Thumb Code    14  seed_task.o(i.Seed_Init)
    Set_PWM_Motor_Speed                      0x08008971   Thumb Code    96  can_trx.o(i.Set_PWM_Motor_Speed)
    Set_Zero_Speed_Grap                      0x080089d1   Thumb Code    78  grapping.o(i.Set_Zero_Speed_Grap)
    Stop_Chassis                             0x08008a31   Thumb Code    28  chassis_task.o(i.Stop_Chassis)
    SysTick_Handler                          0x08008a55   Thumb Code     8  stm32f4xx_it.o(i.SysTick_Handler)
    SystemClock_Config                       0x08008a5d   Thumb Code   170  main.o(i.SystemClock_Config)
    SystemInit                               0x08008b11   Thumb Code    14  system_stm32f4xx.o(i.SystemInit)
    TIM6_DAC_IRQHandler                      0x08008b25   Thumb Code    10  stm32f4xx_it.o(i.TIM6_DAC_IRQHandler)
    TIM7_IRQHandler                          0x08008b35   Thumb Code    10  stm32f4xx_it.o(i.TIM7_IRQHandler)
    TIM_Base_SetConfig                       0x08008b45   Thumb Code   170  stm32f4xx_hal_tim.o(i.TIM_Base_SetConfig)
    Transition_Task                          0x08008c1d   Thumb Code   616  seed_task.o(i.Transition_Task)
    UART_DMA_Recevie_IT                      0x080090a1   Thumb Code   144  uart_dma.o(i.UART_DMA_Recevie_IT)
    UART_DMA_Recevie_init                    0x0800913d   Thumb Code    32  uart_dma.o(i.UART_DMA_Recevie_init)
    UART_Start_Receive_DMA                   0x08009535   Thumb Code   196  stm32f4xx_hal_uart.o(i.UART_Start_Receive_DMA)
    USART1_IRQHandler                        0x080096f9   Thumb Code    22  stm32f4xx_it.o(i.USART1_IRQHandler)
    USART2_IRQHandler                        0x0800971d   Thumb Code    22  stm32f4xx_it.o(i.USART2_IRQHandler)
    USART3_IRQHandler                        0x08009741   Thumb Code    22  stm32f4xx_it.o(i.USART3_IRQHandler)
    UsageFault_Handler                       0x08009765   Thumb Code     4  stm32f4xx_it.o(i.UsageFault_Handler)
    Vofa_Transmit                            0x08009769   Thumb Code    64  vofa.o(i.Vofa_Transmit)
    __ARM_fpclassify                         0x080097ad   Thumb Code    48  fpclassify.o(i.__ARM_fpclassify)
    __ARM_fpclassifyf                        0x080097dd   Thumb Code    38  fpclassifyf.o(i.__ARM_fpclassifyf)
    __hardfp_cos                             0x08009841   Thumb Code   180  cos.o(i.__hardfp_cos)
    __hardfp_cosf                            0x08009909   Thumb Code   280  cosf.o(i.__hardfp_cosf)
    __hardfp_fabs                            0x08009a59   Thumb Code    20  fabs.o(i.__hardfp_fabs)
    __hardfp_sin                             0x08009a71   Thumb Code   180  sin.o(i.__hardfp_sin)
    __hardfp_sinf                            0x08009b39   Thumb Code   344  sinf.o(i.__hardfp_sinf)
    __ieee754_rem_pio2                       0x08009cc9   Thumb Code   938  rred.o(i.__ieee754_rem_pio2)
    __kernel_cos                             0x0800a101   Thumb Code   322  cos_i.o(i.__kernel_cos)
    __kernel_poly                            0x0800a271   Thumb Code   248  poly.o(i.__kernel_poly)
    __kernel_sin                             0x0800a369   Thumb Code   280  sin_i.o(i.__kernel_sin)
    __mathlib_dbl_infnan                     0x0800a499   Thumb Code    20  dunder.o(i.__mathlib_dbl_infnan)
    __mathlib_dbl_invalid                    0x0800a4b1   Thumb Code    24  dunder.o(i.__mathlib_dbl_invalid)
    __mathlib_dbl_underflow                  0x0800a4d1   Thumb Code    24  dunder.o(i.__mathlib_dbl_underflow)
    __mathlib_flt_infnan                     0x0800a4f1   Thumb Code     6  funder.o(i.__mathlib_flt_infnan)
    __mathlib_flt_invalid                    0x0800a4f9   Thumb Code    10  funder.o(i.__mathlib_flt_invalid)
    __mathlib_flt_underflow                  0x0800a509   Thumb Code    10  funder.o(i.__mathlib_flt_underflow)
    __mathlib_rredf2                         0x0800a519   Thumb Code   316  rredf.o(i.__mathlib_rredf2)
    __scatterload_copy                       0x0800a66d   Thumb Code    14  handlers.o(i.__scatterload_copy)
    __scatterload_null                       0x0800a67b   Thumb Code     2  handlers.o(i.__scatterload_null)
    __scatterload_zeroinit                   0x0800a67d   Thumb Code    14  handlers.o(i.__scatterload_zeroinit)
    __set_errno                              0x0800a68d   Thumb Code     6  errno.o(i.__set_errno)
    abs_limit                                0x0800a699   Thumb Code    48  user_lib.o(i.abs_limit)
    angle_Calculate                          0x0800a6c9   Thumb Code   218  can_trx.o(i.angle_Calculate)
    code_disc_coodinate2robot_coodinate      0x0800a7b1   Thumb Code   184  code_disc.o(i.code_disc_coodinate2robot_coodinate)
    delay_us                                 0x0800a875   Thumb Code    26  nrf24l01.o(i.delay_us)
    fabs                                     0x0800a88f   Thumb Code    24  fabs.o(i.fabs)
    first_order_filter_cali                  0x0800a8a7   Thumb Code    66  user_lib.o(i.first_order_filter_cali)
    first_order_filter_init                  0x0800a8e9   Thumb Code    26  user_lib.o(i.first_order_filter_init)
    magnet_control                           0x0800a909   Thumb Code    44  ball_task.o(i.magnet_control)
    main                                     0x0800a93d   Thumb Code   118  main.o(i.main)
    nRF24L01_Rx_AckPayload                   0x0800a9c1   Thumb Code    28  nrf24l01.o(i.nRF24L01_Rx_AckPayload)
    nRF24_SPI_Send_Byte                      0x0800a9dd   Thumb Code    26  nrf24l01.o(i.nRF24_SPI_Send_Byte)
    AHBPrescTable                            0x0800aa04   Data          16  system_stm32f4xx.o(.constdata)
    APBPrescTable                            0x0800aa14   Data           8  system_stm32f4xx.o(.constdata)
    INIT_ADDR0                               0x0800aa1c   Data           5  nrf24l01.o(.constdata)
    INIT_ADDR1                               0x0800aa21   Data           5  nrf24l01.o(.constdata)
    INIT_ADDR2                               0x0800aa26   Data           5  nrf24l01.o(.constdata)
    INIT_ADDR3                               0x0800aa2b   Data           5  nrf24l01.o(.constdata)
    INIT_ADDR4                               0x0800aa30   Data           5  nrf24l01.o(.constdata)
    INIT_ADDR5                               0x0800aa35   Data           5  nrf24l01.o(.constdata)
    Region$$Table$$Base                      0x0800ab80   Number         0  anon$$obj.o(Region$$Table)
    Region$$Table$$Limit                     0x0800aba0   Number         0  anon$$obj.o(Region$$Table)
    rx_buf                                   0x20000004   Data           8  stm32f4xx_it.o(.data)
    tx_back_buf                              0x2000000c   Data           8  stm32f4xx_it.o(.data)
    speed                                    0x20000014   Data           2  stm32f4xx_it.o(.data)
    area                                     0x20000016   Data           2  stm32f4xx_it.o(.data)
    area_flag                                0x20000018   Data           4  stm32f4xx_it.o(.data)
    manual_vx                                0x2000001c   Data           4  stm32f4xx_it.o(.data)
    manual_vy                                0x20000020   Data           4  stm32f4xx_it.o(.data)
    manual_wz                                0x20000024   Data           4  stm32f4xx_it.o(.data)
    uwTick                                   0x2000002c   Data           4  stm32f4xx_hal.o(.data)
    uwTickPrio                               0x20000030   Data           4  stm32f4xx_hal.o(.data)
    uwTickFreq                               0x20000034   Data           1  stm32f4xx_hal.o(.data)
    SystemCoreClock                          0x20000038   Data           4  system_stm32f4xx.o(.data)
    controller_vx                            0x2000003c   Data           4  chassis_task.o(.data)
    controller_vy                            0x20000040   Data           4  chassis_task.o(.data)
    controller_wz                            0x20000044   Data           4  chassis_task.o(.data)
    sign_t                                   0x20000048   Data           1  chassis_task.o(.data)
    DJI_pos_outer_para                       0x20000064   Data          12  pid.o(.data)
    DJI_pos_outer_para_cos                   0x20000070   Data          12  pid.o(.data)
    DJI_pos_outer_para_angle                 0x2000007c   Data          12  pid.o(.data)
    DJI_pos_outer_para_w                     0x20000088   Data          12  pid.o(.data)
    DJI_pos_inner_para                       0x20000094   Data          12  pid.o(.data)
    ld_distance                              0x200000a0   Data           2  uart_dma.o(.data)
    PWM_speed                                0x200000a8   Data           6  can_trx.o(.data)
    seed_ifo                                 0x200000b0   Data           8  seed_task.o(.data)
    speed_move_seed                          0x200000b8   Data           4  seed_task.o(.data)
    ball_temp                                0x20000110   Data           3  ball_task.o(.data)
    vx_control                               0x20000118   Data           2  nrf24l01.o(.data)
    vy_control                               0x2000011a   Data           2  nrf24l01.o(.data)
    vz_control                               0x2000011c   Data           2  nrf24l01.o(.data)
    ball_control                             0x20000120   Data           4  nrf24l01.o(.data)
    idel_mode_flag                           0x20000124   Data           1  nrf24l01.o(.data)
    mode_time_counter                        0x20000125   Data           1  nrf24l01.o(.data)
    rxbuf                                    0x20000126   Data           8  nrf24l01.o(.data)
    rxbuf_len                                0x2000012e   Data           1  nrf24l01.o(.data)
    rx_ch                                    0x2000012f   Data           1  nrf24l01.o(.data)
    RUN_S                                    0x20000150   Data           4  user_config.o(.data)
    seed_pos_x                               0x20000154   Data          48  user_config.o(.data)
    put_pos_x                                0x20000184   Data          24  user_config.o(.data)
    seed_pos_x_single                        0x2000019c   Data          48  user_config.o(.data)
    put_pos_x_single                         0x200001cc   Data          48  user_config.o(.data)
    put_pos_y                                0x200001fc   Data           8  user_config.o(.data)
    put_pos_y_single                         0x20000204   Data           8  user_config.o(.data)
    crack_posY                               0x2000020c   Data           4  user_config.o(.data)
    ball_pos_x                               0x20000210   Data          52  user_config.o(.data)
    ball_pos_y                               0x20000244   Data           8  user_config.o(.data)
    pos_get_1                                0x2000024c   Data           4  user_config.o(.data)
    pos_get_2                                0x20000250   Data           4  user_config.o(.data)
    pos_get_special                          0x20000254   Data           8  user_config.o(.data)
    ball_launch_angle                        0x2000025c   Data          52  user_config.o(.data)
    ball_launch_speed                        0x20000290   Data          26  user_config.o(.data)
    real_lv100                               0x200002ac   Data           4  user_config.o(.data)
    change_line_x_left                       0x200002b0   Data           4  user_config.o(.data)
    change_line_x_right                      0x200002b4   Data           4  user_config.o(.data)
    m3508_get_speed_ball                     0x200002b8   Data           4  user_config.o(.data)
    hcan1                                    0x200002d0   Data          40  can.o(.bss)
    hcan2                                    0x200002f8   Data          40  can.o(.bss)
    hspi1                                    0x20000320   Data          88  spi.o(.bss)
    hspi3                                    0x20000378   Data          88  spi.o(.bss)
    htim6                                    0x200003d0   Data          72  tim.o(.bss)
    htim7                                    0x20000418   Data          72  tim.o(.bss)
    huart1                                   0x20000460   Data          68  usart.o(.bss)
    huart2                                   0x200004a4   Data          68  usart.o(.bss)
    huart3                                   0x200004e8   Data          68  usart.o(.bss)
    hdma_usart1_rx                           0x2000052c   Data          96  usart.o(.bss)
    hdma_usart2_rx                           0x2000058c   Data          96  usart.o(.bss)
    hdma_usart3_rx                           0x200005ec   Data          96  usart.o(.bss)
    filter_chassis_vx                        0x2000064c   Data          16  user_lib.o(.bss)
    filter_chassis_vy                        0x2000065c   Data          16  user_lib.o(.bss)
    filter_chassis_vz                        0x2000066c   Data          16  user_lib.o(.bss)
    filter_launch_m2006_v                    0x2000067c   Data          16  user_lib.o(.bss)
    filter_speed_limit_vx                    0x2000068c   Data          20  user_lib.o(.bss)
    filter_speed_limit_vy                    0x200006a0   Data          20  user_lib.o(.bss)
    all_ifo                                  0x200006b4   Data         124  chassis_task.o(.bss)
    pid_DJI_outer                            0x20000730   Data         204  pid.o(.bss)
    pid_DJI_motor                            0x200007fc   Data         544  pid.o(.bss)
    pid_DJI_outer_CAN2                       0x20000a1c   Data         136  pid.o(.bss)
    pid_DJI_motor_CAN2                       0x20000aa4   Data         544  pid.o(.bss)
    buffer_receve_1                          0x20000cc4   Data         128  uart_dma.o(.bss)
    buffer_receve_2                          0x20000d44   Data         128  uart_dma.o(.bss)
    buffer_receve_3                          0x20000dc4   Data         128  uart_dma.o(.bss)
    buffer_receve_4                          0x20000e44   Data         128  uart_dma.o(.bss)
    buffer_receve_5                          0x20000ec4   Data         128  uart_dma.o(.bss)
    buffer_receve_6                          0x20000f44   Data         128  uart_dma.o(.bss)
    VofaData                                 0x20000fc4   Data          64  vofa.o(.bss)
    tempFloat                                0x20001004   Data          80  vofa.o(.bss)
    Vofa_RX                                  0x20001054   Data          24  vofa.o(.bss)
    DJI_motor                                0x2000106c   Data         352  can_trx.o(.bss)
    DJI_motor_CAN2                           0x200011cc   Data         352  can_trx.o(.bss)
    motor_ifo                                0x2000132c   Data          44  can_trx.o(.bss)
    send_current                             0x20001358   Data          16  can_trx.o(.bss)
    send_current_CAN2                        0x20001368   Data          16  can_trx.o(.bss)
    sbus_channel                             0x20001378   Data          32  can_trx.o(.bss)
    CD_rxdata                                0x20001398   Data          28  code_disc.o(.bss)
    Code_Disc                                0x200013b4   Data          32  code_disc.o(.bss)
    Code_Disc_robot                          0x200013d4   Data          24  code_disc.o(.bss)
    ball_ifo                                 0x200013ec   Data          20  ball_task.o(.bss)
    grap_ifo                                 0x20001400   Data          28  grapping.o(.bss)
    __initial_sp                             0x20001820   Data           0  startup_stm32f407xx.o(STACK)



==============================================================================

Memory Map of the image

  Image Entry point : 0x08000189

  Load Region LR_IROM1 (Base: 0x08000000, Size: 0x0000ae70, Max: 0x00080000, ABSOLUTE, COMPRESSED[0x0000acf0])

    Execution Region ER_IROM1 (Exec base: 0x08000000, Load base: 0x08000000, Size: 0x0000aba0, Max: 0x00080000, ABSOLUTE)

    Exec Addr    Load Addr    Size         Type   Attr      Idx    E Section Name        Object

    0x08000000   0x08000000   0x00000188   Data   RO            3    RESET               startup_stm32f407xx.o
    0x08000188   0x08000188   0x00000000   Code   RO         4819  * .ARM.Collect$$$$00000000  mc_w.l(entry.o)
    0x08000188   0x08000188   0x00000004   Code   RO         4891    .ARM.Collect$$$$00000001  mc_w.l(entry2.o)
    0x0800018c   0x0800018c   0x00000004   Code   RO         4894    .ARM.Collect$$$$00000004  mc_w.l(entry5.o)
    0x08000190   0x08000190   0x00000000   Code   RO         4896    .ARM.Collect$$$$00000008  mc_w.l(entry7b.o)
    0x08000190   0x08000190   0x00000000   Code   RO         4898    .ARM.Collect$$$$0000000A  mc_w.l(entry8b.o)
    0x08000190   0x08000190   0x00000008   Code   RO         4899    .ARM.Collect$$$$0000000B  mc_w.l(entry9a.o)
    0x08000198   0x08000198   0x00000004   Code   RO         4906    .ARM.Collect$$$$0000000E  mc_w.l(entry12b.o)
    0x0800019c   0x0800019c   0x00000000   Code   RO         4901    .ARM.Collect$$$$0000000F  mc_w.l(entry10a.o)
    0x0800019c   0x0800019c   0x00000000   Code   RO         4903    .ARM.Collect$$$$00000011  mc_w.l(entry11a.o)
    0x0800019c   0x0800019c   0x00000004   Code   RO         4892    .ARM.Collect$$$$00002712  mc_w.l(entry2.o)
    0x080001a0   0x080001a0   0x00000024   Code   RO            4    .text               startup_stm32f407xx.o
    0x080001c4   0x080001c4   0x00000062   Code   RO         4822    .text               mc_w.l(uldiv.o)
    0x08000226   0x08000226   0x00000024   Code   RO         4824    .text               mc_w.l(memcpya.o)
    0x0800024a   0x0800024a   0x00000024   Code   RO         4826    .text               mc_w.l(memseta.o)
    0x0800026e   0x0800026e   0x0000014e   Code   RO         4830    .text               mf_w.l(dadd.o)
    0x080003bc   0x080003bc   0x000000e4   Code   RO         4832    .text               mf_w.l(dmul.o)
    0x080004a0   0x080004a0   0x00000022   Code   RO         4834    .text               mf_w.l(dflti.o)
    0x080004c2   0x080004c2   0x0000001a   Code   RO         4836    .text               mf_w.l(dfltui.o)
    0x080004dc   0x080004dc   0x00000026   Code   RO         4838    .text               mf_w.l(f2d.o)
    0x08000502   0x08000502   0x00000002   PAD
    0x08000504   0x08000504   0x00000030   Code   RO         4840    .text               mf_w.l(cdcmple.o)
    0x08000534   0x08000534   0x00000038   Code   RO         4842    .text               mf_w.l(d2f.o)
    0x0800056c   0x0800056c   0x0000001e   Code   RO         4907    .text               mc_w.l(llshl.o)
    0x0800058a   0x0800058a   0x00000020   Code   RO         4909    .text               mc_w.l(llushr.o)
    0x080005aa   0x080005aa   0x00000024   Code   RO         4911    .text               mc_w.l(llsshr.o)
    0x080005ce   0x080005ce   0x00000000   Code   RO         4920    .text               mc_w.l(iusefp.o)
    0x080005ce   0x080005ce   0x0000006e   Code   RO         4921    .text               mf_w.l(fepilogue.o)
    0x0800063c   0x0800063c   0x000000ba   Code   RO         4923    .text               mf_w.l(depilogue.o)
    0x080006f6   0x080006f6   0x00000002   PAD
    0x080006f8   0x080006f8   0x00000024   Code   RO         4931    .text               mc_w.l(init.o)
    0x0800071c   0x0800071c   0x000000de   Code   RO         4933    .text               mf_w.l(ddiv.o)
    0x080007fa   0x080007fa   0x0000003e   Code   RO         4935    .text               mf_w.l(dfixi.o)
    0x08000838   0x08000838   0x00000056   Code   RO         4945    .text               mc_w.l(__dczerorl2.o)
    0x0800088e   0x0800088e   0x00000002   PAD
    0x08000890   0x08000890   0x000000a8   Code   RO         3909    i.All_Init          chassis_task.o
    0x08000938   0x08000938   0x00000028   Code   RO         4421    i.Ball_Init         ball_task.o
    0x08000960   0x08000960   0x00000580   Code   RO         4737    i.Ball_Task_Single  single_task.o
    0x08000ee0   0x08000ee0   0x00000ab4   Code   RO         4422    i.Ball_Task_Ultra   ball_task.o
    0x08001994   0x08001994   0x00000004   Code   RO          477    i.BusFault_Handler  stm32f4xx_it.o
    0x08001998   0x08001998   0x00000010   Code   RO          478    i.CAN1_RX0_IRQHandler  stm32f4xx_it.o
    0x080019a8   0x080019a8   0x00000010   Code   RO          479    i.CAN2_RX1_IRQHandler  stm32f4xx_it.o
    0x080019b8   0x080019b8   0x00000060   Code   RO         4215    i.CAN_Cmd_Chassis   can_trx.o
    0x08001a18   0x08001a18   0x00000060   Code   RO         4216    i.CAN_Cmd_Chassis_CAN2  can_trx.o
    0x08001a78   0x08001a78   0x00000060   Code   RO         4217    i.CAN_Cmd_Gimbal    can_trx.o
    0x08001ad8   0x08001ad8   0x00000060   Code   RO         4218    i.CAN_Cmd_Gimbal_CAN2  can_trx.o
    0x08001b38   0x08001b38   0x0000007c   Code   RO         4219    i.CAN_Config        can_trx.o
    0x08001bb4   0x08001bb4   0x00000040   Code   RO         4356    i.CD_SETX           code_disc.o
    0x08001bf4   0x08001bf4   0x00000040   Code   RO         4357    i.CD_SETY           code_disc.o
    0x08001c34   0x08001c34   0x00000040   Code   RO         4358    i.CD_SETZ           code_disc.o
    0x08001c74   0x08001c74   0x000000e4   Code   RO         4359    i.CD_get_measer     code_disc.o
    0x08001d58   0x08001d58   0x00000074   Code   RO         3910    i.Cal_Chassis_N     chassis_task.o
    0x08001dcc   0x08001dcc   0x00000520   Code   RO         3911    i.Calc_Send_Task    chassis_task.o
    0x080022ec   0x080022ec   0x00000014   Code   RO         3912    i.Chassis_Callback  chassis_task.o
    0x08002300   0x08002300   0x00000684   Code   RO         3913    i.Chassis_POS_Calc  chassis_task.o
    0x08002984   0x08002984   0x00000010   Code   RO          480    i.DMA1_Stream1_IRQHandler  stm32f4xx_it.o
    0x08002994   0x08002994   0x00000010   Code   RO          481    i.DMA1_Stream5_IRQHandler  stm32f4xx_it.o
    0x080029a4   0x080029a4   0x00000010   Code   RO          482    i.DMA2_Stream2_IRQHandler  stm32f4xx_it.o
    0x080029b4   0x080029b4   0x00000034   Code   RO         1413    i.DMA_CalcBaseAndBitshift  stm32f4xx_hal_dma.o
    0x080029e8   0x080029e8   0x000000aa   Code   RO         1414    i.DMA_CheckFifoParam  stm32f4xx_hal_dma.o
    0x08002a92   0x08002a92   0x0000002c   Code   RO         1415    i.DMA_SetConfig     stm32f4xx_hal_dma.o
    0x08002abe   0x08002abe   0x00000002   Code   RO          483    i.DebugMon_Handler  stm32f4xx_it.o
    0x08002ac0   0x08002ac0   0x00000006   Code   RO           13    i.Error_Handler     main.o
    0x08002ac6   0x08002ac6   0x00000002   PAD
    0x08002ac8   0x08002ac8   0x00000058   Code   RO         3914    i.Feedback_Update   chassis_task.o
    0x08002b20   0x08002b20   0x00000048   Code   RO         3915    i.Filter_Init_All   chassis_task.o
    0x08002b68   0x08002b68   0x00000648   Code   RO         4738    i.GP_Task_Single    single_task.o
    0x080031b0   0x080031b0   0x000006c8   Code   RO         4312    i.GP_Task_Ultra     seed_task.o
    0x08003878   0x08003878   0x00000054   Code   RO         4220    i.Get_Motor_Measure  can_trx.o
    0x080038cc   0x080038cc   0x0000002e   Code   RO         4221    i.Get_Motor_Offset  can_trx.o
    0x080038fa   0x080038fa   0x00000002   PAD
    0x080038fc   0x080038fc   0x00000134   Code   RO         4597    i.Grap_Cal_2_Speed  grapping.o
    0x08003a30   0x08003a30   0x000000a0   Code   RO         4598    i.Grap_Init         grapping.o
    0x08003ad0   0x08003ad0   0x000000c4   Code   RO         4599    i.Grap_Init_Single  grapping.o
    0x08003b94   0x08003b94   0x00000100   Code   RO         4600    i.Grap_Lift_Get     grapping.o
    0x08003c94   0x08003c94   0x0000003c   Code   RO         4601    i.Grap_Lift_Put     grapping.o
    0x08003cd0   0x08003cd0   0x0000003c   Code   RO         4602    i.Grap_Only         grapping.o
    0x08003d0c   0x08003d0c   0x00000218   Code   RO         4603    i.Grap_Storage      grapping.o
    0x08003f24   0x08003f24   0x00000178   Code   RO         4604    i.Grap_Storage_Last  grapping.o
    0x0800409c   0x0800409c   0x000000dc   Code   RO         4605    i.Grap_Storage_Pre  grapping.o
    0x08004178   0x08004178   0x000000a4   Code   RO         4606    i.Grapping_Callback  grapping.o
    0x0800421c   0x0800421c   0x0000002a   Code   RO          676    i.HAL_CAN_ActivateNotification  stm32f4xx_hal_can.o
    0x08004246   0x08004246   0x00000156   Code   RO          677    i.HAL_CAN_AddTxMessage  stm32f4xx_hal_can.o
    0x0800439c   0x0800439c   0x00000124   Code   RO          678    i.HAL_CAN_ConfigFilter  stm32f4xx_hal_can.o
    0x080044c0   0x080044c0   0x00000002   Code   RO          681    i.HAL_CAN_ErrorCallback  stm32f4xx_hal_can.o
    0x080044c2   0x080044c2   0x0000017a   Code   RO          684    i.HAL_CAN_GetRxMessage  stm32f4xx_hal_can.o
    0x0800463c   0x0800463c   0x0000024e   Code   RO          688    i.HAL_CAN_IRQHandler  stm32f4xx_hal_can.o
    0x0800488a   0x0800488a   0x00000174   Code   RO          689    i.HAL_CAN_Init      stm32f4xx_hal_can.o
    0x080049fe   0x080049fe   0x00000002   PAD
    0x08004a00   0x08004a00   0x00000164   Code   RO          255    i.HAL_CAN_MspInit   can.o
    0x08004b64   0x08004b64   0x00000002   Code   RO          696    i.HAL_CAN_RxFifo0FullCallback  stm32f4xx_hal_can.o
    0x08004b66   0x08004b66   0x00000002   PAD
    0x08004b68   0x08004b68   0x00000118   Code   RO         4223    i.HAL_CAN_RxFifo0MsgPendingCallback  can_trx.o
    0x08004c80   0x08004c80   0x00000002   Code   RO          698    i.HAL_CAN_RxFifo1FullCallback  stm32f4xx_hal_can.o
    0x08004c82   0x08004c82   0x00000002   PAD
    0x08004c84   0x08004c84   0x000000e8   Code   RO         4224    i.HAL_CAN_RxFifo1MsgPendingCallback  can_trx.o
    0x08004d6c   0x08004d6c   0x00000002   Code   RO          700    i.HAL_CAN_SleepCallback  stm32f4xx_hal_can.o
    0x08004d6e   0x08004d6e   0x0000005e   Code   RO          701    i.HAL_CAN_Start     stm32f4xx_hal_can.o
    0x08004dcc   0x08004dcc   0x00000002   Code   RO          703    i.HAL_CAN_TxMailbox0AbortCallback  stm32f4xx_hal_can.o
    0x08004dce   0x08004dce   0x00000002   Code   RO          704    i.HAL_CAN_TxMailbox0CompleteCallback  stm32f4xx_hal_can.o
    0x08004dd0   0x08004dd0   0x00000002   Code   RO          705    i.HAL_CAN_TxMailbox1AbortCallback  stm32f4xx_hal_can.o
    0x08004dd2   0x08004dd2   0x00000002   Code   RO          706    i.HAL_CAN_TxMailbox1CompleteCallback  stm32f4xx_hal_can.o
    0x08004dd4   0x08004dd4   0x00000002   Code   RO          707    i.HAL_CAN_TxMailbox2AbortCallback  stm32f4xx_hal_can.o
    0x08004dd6   0x08004dd6   0x00000002   Code   RO          708    i.HAL_CAN_TxMailbox2CompleteCallback  stm32f4xx_hal_can.o
    0x08004dd8   0x08004dd8   0x00000002   Code   RO          710    i.HAL_CAN_WakeUpFromRxMsgCallback  stm32f4xx_hal_can.o
    0x08004dda   0x08004dda   0x000000ac   Code   RO         1416    i.HAL_DMA_Abort     stm32f4xx_hal_dma.o
    0x08004e86   0x08004e86   0x00000028   Code   RO         1417    i.HAL_DMA_Abort_IT  stm32f4xx_hal_dma.o
    0x08004eae   0x08004eae   0x00000002   PAD
    0x08004eb0   0x08004eb0   0x00000240   Code   RO         1421    i.HAL_DMA_IRQHandler  stm32f4xx_hal_dma.o
    0x080050f0   0x080050f0   0x000000ec   Code   RO         1422    i.HAL_DMA_Init      stm32f4xx_hal_dma.o
    0x080051dc   0x080051dc   0x00000092   Code   RO         1426    i.HAL_DMA_Start_IT  stm32f4xx_hal_dma.o
    0x0800526e   0x0800526e   0x00000002   PAD
    0x08005270   0x08005270   0x00000028   Code   RO         1840    i.HAL_Delay         stm32f4xx_hal.o
    0x08005298   0x08005298   0x000001f4   Code   RO         1309    i.HAL_GPIO_Init     stm32f4xx_hal_gpio.o
    0x0800548c   0x0800548c   0x0000000c   Code   RO         1313    i.HAL_GPIO_WritePin  stm32f4xx_hal_gpio.o
    0x08005498   0x08005498   0x0000000c   Code   RO         1846    i.HAL_GetTick       stm32f4xx_hal.o
    0x080054a4   0x080054a4   0x00000018   Code   RO         1852    i.HAL_IncTick       stm32f4xx_hal.o
    0x080054bc   0x080054bc   0x0000003c   Code   RO         1853    i.HAL_Init          stm32f4xx_hal.o
    0x080054f8   0x080054f8   0x0000004c   Code   RO         1854    i.HAL_InitTick      stm32f4xx_hal.o
    0x08005544   0x08005544   0x00000048   Code   RO          651    i.HAL_MspInit       stm32f4xx_hal_msp.o
    0x0800558c   0x0800558c   0x00000020   Code   RO         1698    i.HAL_NVIC_EnableIRQ  stm32f4xx_hal_cortex.o
    0x080055ac   0x080055ac   0x0000007c   Code   RO         1704    i.HAL_NVIC_SetPriority  stm32f4xx_hal_cortex.o
    0x08005628   0x08005628   0x00000028   Code   RO         1705    i.HAL_NVIC_SetPriorityGrouping  stm32f4xx_hal_cortex.o
    0x08005650   0x08005650   0x00000184   Code   RO          910    i.HAL_RCC_ClockConfig  stm32f4xx_hal_rcc.o
    0x080057d4   0x080057d4   0x0000000c   Code   RO          915    i.HAL_RCC_GetHCLKFreq  stm32f4xx_hal_rcc.o
    0x080057e0   0x080057e0   0x00000020   Code   RO          917    i.HAL_RCC_GetPCLK1Freq  stm32f4xx_hal_rcc.o
    0x08005800   0x08005800   0x00000020   Code   RO          918    i.HAL_RCC_GetPCLK2Freq  stm32f4xx_hal_rcc.o
    0x08005820   0x08005820   0x000000b0   Code   RO          919    i.HAL_RCC_GetSysClockFreq  stm32f4xx_hal_rcc.o
    0x080058d0   0x080058d0   0x0000049c   Code   RO          922    i.HAL_RCC_OscConfig  stm32f4xx_hal_rcc.o
    0x08005d6c   0x08005d6c   0x00000002   Code   RO         2098    i.HAL_SPI_ErrorCallback  stm32f4xx_hal_spi.o
    0x08005d6e   0x08005d6e   0x00000002   PAD
    0x08005d70   0x08005d70   0x0000015c   Code   RO         2101    i.HAL_SPI_IRQHandler  stm32f4xx_hal_spi.o
    0x08005ecc   0x08005ecc   0x000000c8   Code   RO         2102    i.HAL_SPI_Init      stm32f4xx_hal_spi.o
    0x08005f94   0x08005f94   0x0000014c   Code   RO          328    i.HAL_SPI_MspInit   spi.o
    0x080060e0   0x080060e0   0x00000170   Code   RO         2105    i.HAL_SPI_Receive   stm32f4xx_hal_spi.o
    0x08006250   0x08006250   0x000001ae   Code   RO         2110    i.HAL_SPI_Transmit  stm32f4xx_hal_spi.o
    0x080063fe   0x080063fe   0x0000022a   Code   RO         2111    i.HAL_SPI_TransmitReceive  stm32f4xx_hal_spi.o
    0x08006628   0x08006628   0x00000034   Code   RO         1709    i.HAL_SYSTICK_Config  stm32f4xx_hal_cortex.o
    0x0800665c   0x0800665c   0x00000002   Code   RO         3130    i.HAL_TIMEx_BreakCallback  stm32f4xx_hal_tim_ex.o
    0x0800665e   0x0800665e   0x00000002   Code   RO         3131    i.HAL_TIMEx_CommutCallback  stm32f4xx_hal_tim_ex.o
    0x08006660   0x08006660   0x000000b4   Code   RO         3149    i.HAL_TIMEx_MasterConfigSynchronization  stm32f4xx_hal_tim_ex.o
    0x08006714   0x08006714   0x00000066   Code   RO         2415    i.HAL_TIM_Base_Init  stm32f4xx_hal_tim.o
    0x0800677a   0x0800677a   0x00000002   PAD
    0x0800677c   0x0800677c   0x00000084   Code   RO          376    i.HAL_TIM_Base_MspInit  tim.o
    0x08006800   0x08006800   0x000000a8   Code   RO         2420    i.HAL_TIM_Base_Start_IT  stm32f4xx_hal_tim.o
    0x080068a8   0x080068a8   0x00000002   Code   RO         2449    i.HAL_TIM_IC_CaptureCallback  stm32f4xx_hal_tim.o
    0x080068aa   0x080068aa   0x00000196   Code   RO         2463    i.HAL_TIM_IRQHandler  stm32f4xx_hal_tim.o
    0x08006a40   0x08006a40   0x00000002   Code   RO         2466    i.HAL_TIM_OC_DelayElapsedCallback  stm32f4xx_hal_tim.o
    0x08006a42   0x08006a42   0x00000002   Code   RO         2493    i.HAL_TIM_PWM_PulseFinishedCallback  stm32f4xx_hal_tim.o
    0x08006a44   0x08006a44   0x00000430   Code   RO          484    i.HAL_TIM_PeriodElapsedCallback  stm32f4xx_it.o
    0x08006e74   0x08006e74   0x00000002   Code   RO         2506    i.HAL_TIM_TriggerCallback  stm32f4xx_hal_tim.o
    0x08006e76   0x08006e76   0x00000002   Code   RO         3408    i.HAL_UARTEx_RxEventCallback  stm32f4xx_hal_uart.o
    0x08006e78   0x08006e78   0x0000008a   Code   RO         3420    i.HAL_UART_DMAStop  stm32f4xx_hal_uart.o
    0x08006f02   0x08006f02   0x00000032   Code   RO         4074    i.HAL_UART_ErrorCallback  uart_dma.o
    0x08006f34   0x08006f34   0x000002e0   Code   RO         3425    i.HAL_UART_IRQHandler  stm32f4xx_hal_uart.o
    0x08007214   0x08007214   0x00000072   Code   RO         3426    i.HAL_UART_Init     stm32f4xx_hal_uart.o
    0x08007286   0x08007286   0x00000002   PAD
    0x08007288   0x08007288   0x00000268   Code   RO          424    i.HAL_UART_MspInit  usart.o
    0x080074f0   0x080074f0   0x00000042   Code   RO         3430    i.HAL_UART_Receive_DMA  stm32f4xx_hal_uart.o
    0x08007532   0x08007532   0x00000002   Code   RO         3432    i.HAL_UART_RxCpltCallback  stm32f4xx_hal_uart.o
    0x08007534   0x08007534   0x00000002   Code   RO         3433    i.HAL_UART_RxHalfCpltCallback  stm32f4xx_hal_uart.o
    0x08007536   0x08007536   0x000000d2   Code   RO         3434    i.HAL_UART_Transmit  stm32f4xx_hal_uart.o
    0x08007608   0x08007608   0x00000002   Code   RO         3437    i.HAL_UART_TxCpltCallback  stm32f4xx_hal_uart.o
    0x0800760a   0x0800760a   0x00000004   Code   RO          485    i.HardFault_Handler  stm32f4xx_it.o
    0x0800760e   0x0800760e   0x00000002   PAD
    0x08007610   0x08007610   0x0000001c   Code   RO         3916    i.Input_TarPos_Chassis  chassis_task.o
    0x0800762c   0x0800762c   0x0000001c   Code   RO         3917    i.Input_TarSpeed_Chassis  chassis_task.o
    0x08007648   0x08007648   0x0000007e   Code   RO         4001    i.LimitMax          pid.o
    0x080076c6   0x080076c6   0x00000002   PAD
    0x080076c8   0x080076c8   0x00000048   Code   RO          256    i.MX_CAN1_Init      can.o
    0x08007710   0x08007710   0x00000044   Code   RO          257    i.MX_CAN2_Init      can.o
    0x08007754   0x08007754   0x00000078   Code   RO          303    i.MX_DMA_Init       dma.o
    0x080077cc   0x080077cc   0x00000194   Code   RO          230    i.MX_GPIO_Init      gpio.o
    0x08007960   0x08007960   0x00000044   Code   RO          329    i.MX_SPI1_Init      spi.o
    0x080079a4   0x080079a4   0x00000044   Code   RO          330    i.MX_SPI3_Init      spi.o
    0x080079e8   0x080079e8   0x0000004c   Code   RO          377    i.MX_TIM6_Init      tim.o
    0x08007a34   0x08007a34   0x0000004c   Code   RO          378    i.MX_TIM7_Init      tim.o
    0x08007a80   0x08007a80   0x00000038   Code   RO          425    i.MX_USART1_UART_Init  usart.o
    0x08007ab8   0x08007ab8   0x00000038   Code   RO          426    i.MX_USART2_UART_Init  usart.o
    0x08007af0   0x08007af0   0x00000038   Code   RO          427    i.MX_USART3_UART_Init  usart.o
    0x08007b28   0x08007b28   0x00000004   Code   RO          486    i.MemManage_Handler  stm32f4xx_it.o
    0x08007b2c   0x08007b2c   0x00000004   Code   RO          487    i.NMI_Handler       stm32f4xx_it.o
    0x08007b30   0x08007b30   0x0000004c   Code   RO         4467    i.NRF24L01_Check    nrf24l01.o
    0x08007b7c   0x08007b7c   0x00000028   Code   RO         4468    i.NRF24L01_Init     nrf24l01.o
    0x08007ba4   0x08007ba4   0x00000040   Code   RO         4469    i.NRF24L01_Read_Buf  nrf24l01.o
    0x08007be4   0x08007be4   0x00000030   Code   RO         4470    i.NRF24L01_Read_Reg  nrf24l01.o
    0x08007c14   0x08007c14   0x00000058   Code   RO         4472    i.NRF24L01_RxPacket_ack_data  nrf24l01.o
    0x08007c6c   0x08007c6c   0x00000040   Code   RO         4475    i.NRF24L01_Write_Buf  nrf24l01.o
    0x08007cac   0x08007cac   0x00000030   Code   RO         4476    i.NRF24L01_Write_Reg  nrf24l01.o
    0x08007cdc   0x08007cdc   0x00000220   Code   RO         4608    i.Out_Storage       grapping.o
    0x08007efc   0x08007efc   0x00000068   Code   RO         4609    i.Out_Storage_Last  grapping.o
    0x08007f64   0x08007f64   0x00000180   Code   RO         4610    i.Out_Storage_Pre   grapping.o
    0x080080e4   0x080080e4   0x000000a0   Code   RO         4002    i.PID_Cal_DJI_CAN2_Speed  pid.o
    0x08008184   0x08008184   0x00000070   Code   RO         4003    i.PID_Cal_DJI_Speed  pid.o
    0x080081f4   0x080081f4   0x0000012e   Code   RO         4004    i.PID_Calc          pid.o
    0x08008322   0x08008322   0x00000002   PAD
    0x08008324   0x08008324   0x00000058   Code   RO         4005    i.PID_Init          pid.o
    0x0800837c   0x0800837c   0x000001a8   Code   RO         4006    i.PID_Init_All      pid.o
    0x08008524   0x08008524   0x00000044   Code   RO         4007    i.PID_clear         pid.o
    0x08008568   0x08008568   0x00000002   Code   RO          488    i.PendSV_Handler    stm32f4xx_it.o
    0x0800856a   0x0800856a   0x00000002   PAD
    0x0800856c   0x0800856c   0x0000008c   Code   RO         4478    i.RX_Mode_ack_data  nrf24l01.o
    0x080085f8   0x080085f8   0x00000164   Code   RO         3918    i.Remake_Task       chassis_task.o
    0x0800875c   0x0800875c   0x00000010   Code   RO          489    i.SPI3_IRQHandler   stm32f4xx_it.o
    0x0800876c   0x0800876c   0x00000014   Code   RO         2129    i.SPI_DMAAbortOnError  stm32f4xx_hal_spi.o
    0x08008780   0x08008780   0x00000094   Code   RO         2139    i.SPI_EndRxTransaction  stm32f4xx_hal_spi.o
    0x08008814   0x08008814   0x0000006c   Code   RO         2140    i.SPI_EndRxTxTransaction  stm32f4xx_hal_spi.o
    0x08008880   0x08008880   0x000000d8   Code   RO         2145    i.SPI_WaitFlagStateUntilTimeout  stm32f4xx_hal_spi.o
    0x08008958   0x08008958   0x00000002   Code   RO          490    i.SVC_Handler       stm32f4xx_it.o
    0x0800895a   0x0800895a   0x00000002   PAD
    0x0800895c   0x0800895c   0x00000014   Code   RO         4313    i.Seed_Init         seed_task.o
    0x08008970   0x08008970   0x00000060   Code   RO         4225    i.Set_PWM_Motor_Speed  can_trx.o
    0x080089d0   0x080089d0   0x00000060   Code   RO         4611    i.Set_Zero_Speed_Grap  grapping.o
    0x08008a30   0x08008a30   0x00000024   Code   RO         3919    i.Stop_Chassis      chassis_task.o
    0x08008a54   0x08008a54   0x00000008   Code   RO          491    i.SysTick_Handler   stm32f4xx_it.o
    0x08008a5c   0x08008a5c   0x000000b4   Code   RO           14    i.SystemClock_Config  main.o
    0x08008b10   0x08008b10   0x00000014   Code   RO         3765    i.SystemInit        system_stm32f4xx.o
    0x08008b24   0x08008b24   0x00000010   Code   RO          492    i.TIM6_DAC_IRQHandler  stm32f4xx_it.o
    0x08008b34   0x08008b34   0x00000010   Code   RO          493    i.TIM7_IRQHandler   stm32f4xx_it.o
    0x08008b44   0x08008b44   0x000000d8   Code   RO         2508    i.TIM_Base_SetConfig  stm32f4xx_hal_tim.o
    0x08008c1c   0x08008c1c   0x000002b0   Code   RO         4314    i.Transition_Task   seed_task.o
    0x08008ecc   0x08008ecc   0x00000090   Code   RO         4075    i.UART1_Receive_Serve  uart_dma.o
    0x08008f5c   0x08008f5c   0x00000002   Code   RO         4076    i.UART2_Receive_Serve  uart_dma.o
    0x08008f5e   0x08008f5e   0x0000000e   Code   RO         4077    i.UART3_Receive_Serve  uart_dma.o
    0x08008f6c   0x08008f6c   0x00000014   Code   RO         3439    i.UART_DMAAbortOnError  stm32f4xx_hal_uart.o
    0x08008f80   0x08008f80   0x00000050   Code   RO         3440    i.UART_DMAError     stm32f4xx_hal_uart.o
    0x08008fd0   0x08008fd0   0x000000b0   Code   RO         3441    i.UART_DMAReceiveCplt  stm32f4xx_hal_uart.o
    0x08009080   0x08009080   0x00000020   Code   RO         3443    i.UART_DMARxHalfCplt  stm32f4xx_hal_uart.o
    0x080090a0   0x080090a0   0x0000009c   Code   RO         4079    i.UART_DMA_Recevie_IT  uart_dma.o
    0x0800913c   0x0800913c   0x00000020   Code   RO         4080    i.UART_DMA_Recevie_init  uart_dma.o
    0x0800915c   0x0800915c   0x0000006c   Code   RO         3449    i.UART_EndRxTransfer  stm32f4xx_hal_uart.o
    0x080091c8   0x080091c8   0x00000020   Code   RO         3450    i.UART_EndTransmit_IT  stm32f4xx_hal_uart.o
    0x080091e8   0x080091e8   0x00000026   Code   RO         3451    i.UART_EndTxTransfer  stm32f4xx_hal_uart.o
    0x0800920e   0x0800920e   0x000000f8   Code   RO         3452    i.UART_Receive_IT   stm32f4xx_hal_uart.o
    0x08009306   0x08009306   0x00000002   PAD
    0x08009308   0x08009308   0x0000022c   Code   RO         3453    i.UART_SetConfig    stm32f4xx_hal_uart.o
    0x08009534   0x08009534   0x000000d0   Code   RO         3454    i.UART_Start_Receive_DMA  stm32f4xx_hal_uart.o
    0x08009604   0x08009604   0x00000060   Code   RO         3456    i.UART_Transmit_IT  stm32f4xx_hal_uart.o
    0x08009664   0x08009664   0x00000092   Code   RO         3457    i.UART_WaitOnFlagUntilTimeout  stm32f4xx_hal_uart.o
    0x080096f6   0x080096f6   0x00000002   PAD
    0x080096f8   0x080096f8   0x00000024   Code   RO          494    i.USART1_IRQHandler  stm32f4xx_it.o
    0x0800971c   0x0800971c   0x00000024   Code   RO          495    i.USART2_IRQHandler  stm32f4xx_it.o
    0x08009740   0x08009740   0x00000024   Code   RO          496    i.USART3_IRQHandler  stm32f4xx_it.o
    0x08009764   0x08009764   0x00000004   Code   RO          497    i.UsageFault_Handler  stm32f4xx_it.o
    0x08009768   0x08009768   0x00000044   Code   RO         4146    i.Vofa_Transmit     vofa.o
    0x080097ac   0x080097ac   0x00000030   Code   RO         4927    i.__ARM_fpclassify  m_wm.l(fpclassify.o)
    0x080097dc   0x080097dc   0x00000026   Code   RO         4861    i.__ARM_fpclassifyf  m_wm.l(fpclassifyf.o)
    0x08009802   0x08009802   0x00000002   PAD
    0x08009804   0x08009804   0x00000010   Code   RO         1711    i.__NVIC_GetPriorityGrouping  stm32f4xx_hal_cortex.o
    0x08009814   0x08009814   0x00000028   Code   RO         1712    i.__NVIC_SetPriority  stm32f4xx_hal_cortex.o
    0x0800983c   0x0800983c   0x00000004   PAD
    0x08009840   0x08009840   0x000000c8   Code   RO         4765    i.__hardfp_cos      m_wm.l(cos.o)
    0x08009908   0x08009908   0x00000150   Code   RO         4777    i.__hardfp_cosf     m_wm.l(cosf.o)
    0x08009a58   0x08009a58   0x00000014   Code   RO         4789    i.__hardfp_fabs     m_wm.l(fabs.o)
    0x08009a6c   0x08009a6c   0x00000004   PAD
    0x08009a70   0x08009a70   0x000000c8   Code   RO         4795    i.__hardfp_sin      m_wm.l(sin.o)
    0x08009b38   0x08009b38   0x00000190   Code   RO         4807    i.__hardfp_sinf     m_wm.l(sinf.o)
    0x08009cc8   0x08009cc8   0x00000438   Code   RO         4877    i.__ieee754_rem_pio2  m_wm.l(rred.o)
    0x0800a100   0x0800a100   0x00000170   Code   RO         4844    i.__kernel_cos      m_wm.l(cos_i.o)
    0x0800a270   0x0800a270   0x000000f8   Code   RO         4929    i.__kernel_poly     m_wm.l(poly.o)
    0x0800a368   0x0800a368   0x00000130   Code   RO         4885    i.__kernel_sin      m_wm.l(sin_i.o)
    0x0800a498   0x0800a498   0x00000014   Code   RO         4848    i.__mathlib_dbl_infnan  m_wm.l(dunder.o)
    0x0800a4ac   0x0800a4ac   0x00000004   PAD
    0x0800a4b0   0x0800a4b0   0x00000020   Code   RO         4850    i.__mathlib_dbl_invalid  m_wm.l(dunder.o)
    0x0800a4d0   0x0800a4d0   0x00000020   Code   RO         4853    i.__mathlib_dbl_underflow  m_wm.l(dunder.o)
    0x0800a4f0   0x0800a4f0   0x00000006   Code   RO         4864    i.__mathlib_flt_infnan  m_wm.l(funder.o)
    0x0800a4f6   0x0800a4f6   0x00000002   PAD
    0x0800a4f8   0x0800a4f8   0x00000010   Code   RO         4866    i.__mathlib_flt_invalid  m_wm.l(funder.o)
    0x0800a508   0x0800a508   0x00000010   Code   RO         4869    i.__mathlib_flt_underflow  m_wm.l(funder.o)
    0x0800a518   0x0800a518   0x00000154   Code   RO         4882    i.__mathlib_rredf2  m_wm.l(rredf.o)
    0x0800a66c   0x0800a66c   0x0000000e   Code   RO         4939    i.__scatterload_copy  mc_w.l(handlers.o)
    0x0800a67a   0x0800a67a   0x00000002   Code   RO         4940    i.__scatterload_null  mc_w.l(handlers.o)
    0x0800a67c   0x0800a67c   0x0000000e   Code   RO         4941    i.__scatterload_zeroinit  mc_w.l(handlers.o)
    0x0800a68a   0x0800a68a   0x00000002   PAD
    0x0800a68c   0x0800a68c   0x0000000c   Code   RO         4915    i.__set_errno       mc_w.l(errno.o)
    0x0800a698   0x0800a698   0x00000030   Code   RO         3801    i.abs_limit         user_lib.o
    0x0800a6c8   0x0800a6c8   0x000000e8   Code   RO         4226    i.angle_Calculate   can_trx.o
    0x0800a7b0   0x0800a7b0   0x000000c4   Code   RO         4360    i.code_disc_coodinate2robot_coodinate  code_disc.o
    0x0800a874   0x0800a874   0x0000001a   Code   RO         4481    i.delay_us          nrf24l01.o
    0x0800a88e   0x0800a88e   0x00000018   Code   RO         4791    i.fabs              m_wm.l(fabs.o)
    0x0800a8a6   0x0800a8a6   0x00000042   Code   RO         3802    i.first_order_filter_cali  user_lib.o
    0x0800a8e8   0x0800a8e8   0x00000020   Code   RO         3803    i.first_order_filter_init  user_lib.o
    0x0800a908   0x0800a908   0x00000034   Code   RO         4423    i.magnet_control    ball_task.o
    0x0800a93c   0x0800a93c   0x00000084   Code   RO           17    i.main              main.o
    0x0800a9c0   0x0800a9c0   0x0000001c   Code   RO         4482    i.nRF24L01_Rx_AckPayload  nrf24l01.o
    0x0800a9dc   0x0800a9dc   0x00000020   Code   RO         4483    i.nRF24_SPI_Send_Byte  nrf24l01.o
    0x0800a9fc   0x0800a9fc   0x00000008   Data   RO         1428    .constdata          stm32f4xx_hal_dma.o
    0x0800aa04   0x0800aa04   0x00000018   Data   RO         3766    .constdata          system_stm32f4xx.o
    0x0800aa1c   0x0800aa1c   0x0000001e   Data   RO         4484    .constdata          nrf24l01.o
    0x0800aa3a   0x0800aa3a   0x00000006   PAD
    0x0800aa40   0x0800aa40   0x00000030   Data   RO         4845    .constdata          m_wm.l(cos_i.o)
    0x0800aa70   0x0800aa70   0x000000c8   Data   RO         4879    .constdata          m_wm.l(rred.o)
    0x0800ab38   0x0800ab38   0x00000020   Data   RO         4883    .constdata          m_wm.l(rredf.o)
    0x0800ab58   0x0800ab58   0x00000028   Data   RO         4886    .constdata          m_wm.l(sin_i.o)
    0x0800ab80   0x0800ab80   0x00000020   Data   RO         4937    Region$$Table       anon$$obj.o


    Execution Region RW_IRAM1 (Exec base: 0x20000000, Load base: 0x0800aba0, Size: 0x00001820, Max: 0x0001c000, ABSOLUTE, COMPRESSED[0x00000150])

    Exec Addr    Load Addr    Size         Type   Attr      Idx    E Section Name        Object

    0x20000000   COMPRESSED   0x00000004   Data   RW          259    .data               can.o
    0x20000004   COMPRESSED   0x00000025   Data   RW          498    .data               stm32f4xx_it.o
    0x20000029   COMPRESSED   0x00000003   PAD
    0x2000002c   COMPRESSED   0x00000009   Data   RW         1860    .data               stm32f4xx_hal.o
    0x20000035   COMPRESSED   0x00000003   PAD
    0x20000038   COMPRESSED   0x00000004   Data   RW         3767    .data               system_stm32f4xx.o
    0x2000003c   COMPRESSED   0x00000028   Data   RW         3921    .data               chassis_task.o
    0x20000064   COMPRESSED   0x0000003c   Data   RW         4009    .data               pid.o
    0x200000a0   COMPRESSED   0x00000008   Data   RW         4082    .data               uart_dma.o
    0x200000a8   COMPRESSED   0x00000008   Data   RW         4228    .data               can_trx.o
    0x200000b0   COMPRESSED   0x0000001c   Data   RW         4315    .data               seed_task.o
    0x200000cc   COMPRESSED   0x00000044   Data   RW         4362    .data               code_disc.o
    0x20000110   COMPRESSED   0x00000007   Data   RW         4425    .data               ball_task.o
    0x20000117   COMPRESSED   0x00000001   PAD
    0x20000118   COMPRESSED   0x00000018   Data   RW         4485    .data               nrf24l01.o
    0x20000130   COMPRESSED   0x0000001e   Data   RW         4613    .data               grapping.o
    0x2000014e   COMPRESSED   0x00000002   PAD
    0x20000150   COMPRESSED   0x0000016c   Data   RW         4712    .data               user_config.o
    0x200002bc   COMPRESSED   0x00000010   Data   RW         4739    .data               single_task.o
    0x200002cc   COMPRESSED   0x00000004   Data   RW         4916    .data               mc_w.l(errno.o)
    0x200002d0        -       0x00000050   Zero   RW          258    .bss                can.o
    0x20000320        -       0x000000b0   Zero   RW          331    .bss                spi.o
    0x200003d0        -       0x00000090   Zero   RW          379    .bss                tim.o
    0x20000460        -       0x000001ec   Zero   RW          428    .bss                usart.o
    0x2000064c        -       0x00000068   Zero   RW         3815    .bss                user_lib.o
    0x200006b4        -       0x0000007c   Zero   RW         3920    .bss                chassis_task.o
    0x20000730        -       0x00000594   Zero   RW         4008    .bss                pid.o
    0x20000cc4        -       0x00000300   Zero   RW         4081    .bss                uart_dma.o
    0x20000fc4        -       0x000000a8   Zero   RW         4148    .bss                vofa.o
    0x2000106c        -       0x0000032c   Zero   RW         4227    .bss                can_trx.o
    0x20001398        -       0x00000054   Zero   RW         4361    .bss                code_disc.o
    0x200013ec        -       0x00000014   Zero   RW         4424    .bss                ball_task.o
    0x20001400        -       0x0000001c   Zero   RW         4612    .bss                grapping.o
    0x2000141c   COMPRESSED   0x00000004   PAD
    0x20001420        -       0x00000400   Zero   RW            1    STACK               startup_stm32f407xx.o


    Execution Region RW_IRAM2 (Exec base: 0x2001c000, Load base: 0x0800acf0, Size: 0x00000000, Max: 0x00004000, ABSOLUTE)

    **** No section assigned to this execution region ****


==============================================================================

Image component sizes


      Code (inc. data)   RO Data    RW Data    ZI Data      Debug   Object Name

      2832        178          0          7         20       4260   ball_task.o
       496         44          0          4         80       2382   can.o
      1478         80          0          8        812       9503   can_trx.o
      3892        318          0         40        124       9974   chassis_task.o
       616         62          0         68         84       5862   code_disc.o
       120          6          0          0          0        794   dma.o
       404         26          0          0          0       1135   gpio.o
      3464        336          0         30         28       9564   grapping.o
       318         24          0          0          0     709520   main.o
       654         68         30         24          0       7970   nrf24l01.o
      1280        116          0         60       1428       6392   pid.o
      2444        248          0         28          0       3917   seed_task.o
      3016        308          0         16          0       2620   single_task.o
       468         40          0          0        176       2334   spi.o
        36          8        392          0       1024        824   startup_stm32f407xx.o
       212         36          0          9          0       9297   stm32f4xx_hal.o
      2132          6          0          0          0      13479   stm32f4xx_hal_can.o
       304         22          0          0          0      34387   stm32f4xx_hal_cortex.o
      1436         16          8          0          0       6918   stm32f4xx_hal_dma.o
       512         46          0          0          0       2072   stm32f4xx_hal_gpio.o
        72          4          0          0          0        830   stm32f4xx_hal_msp.o
      1820         84          0          0          0       5536   stm32f4xx_hal_rcc.o
      2394         20          0          0          0      10011   stm32f4xx_hal_spi.o
       900         76          0          0          0       5775   stm32f4xx_hal_tim.o
       184         30          0          0          0       2445   stm32f4xx_hal_tim_ex.o
      3012         26          0          0          0      16696   stm32f4xx_hal_uart.o
      1342        188          0         37          0      11879   stm32f4xx_it.o
        20          6         24          4          0       1091   system_stm32f4xx.o
       284         32          0          0        144       2171   tim.o
       398         30          0          8        768       4869   uart_dma.o
       784         76          0          0        492       3237   usart.o
         0          0          0        364          0       1411   user_config.o
       146          6          0          0        104       3250   user_lib.o
        68          4          0          0        168       1809   vofa.o

    ----------------------------------------------------------------------
     37576       2574        492        716       5456     914214   Object Totals
         0          0         32          0          0          0   (incl. Generated)
        38          4          6          9          4          0   (incl. Padding)

    ----------------------------------------------------------------------

      Code (inc. data)   RO Data    RW Data    ZI Data      Debug   Library Member Name

       200         20          0          0          0        164   cos.o
       368         46         48          0          0        200   cos_i.o
       336         56          0          0          0        136   cosf.o
        84         16          0          0          0        372   dunder.o
        44          0          0          0          0        248   fabs.o
        48          0          0          0          0        124   fpclassify.o
        38          0          0          0          0        116   fpclassifyf.o
        38         12          0          0          0        348   funder.o
       248          0          0          0          0        152   poly.o
      1080        142        200          0          0        188   rred.o
       340         24         32          0          0        160   rredf.o
       200         20          0          0          0        164   sin.o
       304         24         40          0          0        208   sin_i.o
       400         56          0          0          0        212   sinf.o
        86          0          0          0          0          0   __dczerorl2.o
         0          0          0          0          0          0   entry.o
         0          0          0          0          0          0   entry10a.o
         0          0          0          0          0          0   entry11a.o
         4          0          0          0          0          0   entry12b.o
         8          4          0          0          0          0   entry2.o
         4          0          0          0          0          0   entry5.o
         0          0          0          0          0          0   entry7b.o
         0          0          0          0          0          0   entry8b.o
         8          4          0          0          0          0   entry9a.o
        12          6          0          4          0         68   errno.o
        30          0          0          0          0          0   handlers.o
        36          8          0          0          0         68   init.o
         0          0          0          0          0          0   iusefp.o
        30          0          0          0          0         68   llshl.o
        36          0          0          0          0         68   llsshr.o
        32          0          0          0          0         68   llushr.o
        36          0          0          0          0         68   memcpya.o
        36          0          0          0          0        108   memseta.o
        98          0          0          0          0         92   uldiv.o
        48          0          0          0          0         68   cdcmple.o
        56          0          0          0          0         88   d2f.o
       334          0          0          0          0        148   dadd.o
       222          0          0          0          0        100   ddiv.o
       186          0          0          0          0        176   depilogue.o
        62          0          0          0          0         80   dfixi.o
        34          0          0          0          0         76   dflti.o
        26          0          0          0          0         76   dfltui.o
       228          0          0          0          0         96   dmul.o
        38          0          0          0          0         68   f2d.o
       110          0          0          0          0        168   fepilogue.o

    ----------------------------------------------------------------------
      5548        438        320          4          0       4544   Library Totals
        20          0          0          0          0          0   (incl. Padding)

    ----------------------------------------------------------------------

      Code (inc. data)   RO Data    RW Data    ZI Data      Debug   Library Name

      3728        416        320          0          0       2792   m_wm.l
       456         22          0          4          0        608   mc_w.l
      1344          0          0          0          0       1144   mf_w.l

    ----------------------------------------------------------------------
      5548        438        320          4          0       4544   Library Totals

    ----------------------------------------------------------------------

==============================================================================


      Code (inc. data)   RO Data    RW Data    ZI Data      Debug   

     43124       3012        812        720       5456     897410   Grand Totals
     43124       3012        812        336       5456     897410   ELF Image Totals (compressed)
     43124       3012        812        336          0          0   ROM Totals

==============================================================================

    Total RO  Size (Code + RO Data)                43936 (  42.91kB)
    Total RW  Size (RW Data + ZI Data)              6176 (   6.03kB)
    Total ROM Size (Code + RO Data + RW Data)      44272 (  43.23kB)

==============================================================================

